/usr/bin/ruby.exe -r ./siteconf20150510-8280-vm0ehl.rb extconf.rb --use-system-libraries
checking if the C compiler accepts ... yes
Building nokogiri using system libraries.
checking for xmlParseDoc() in libxml/parser.h... yes
checking for xsltParseStylesheetDoc() in libxslt/xslt.h... yes
checking for exsltFuncRegister() in libexslt/exslt.h... yes
checking for xmlHasFeature()... yes
checking for xmlFirstElementChild()... yes
checking for xmlRelaxNGSetParserStructuredErrors()... yes
checking for xmlRelaxNGSetParserStructuredErrors()... yes
checking for xmlRelaxNGSetValidStructuredErrors()... yes
checking for xmlSchemaSetValidStructuredErrors()... yes
checking for xmlSchemaSetParserStructuredErrors()... yes
creating Makefile

make "DESTDIR=" clean
rm -f 
rm -f nokogiri.so  *.o  *.bak mkmf.log .*.time

make "DESTDIR="
gcc -I. -I/usr/include/ruby-2.0.0 -I/usr/include/ruby-2.0.0/ruby/backward -I/usr/include/ruby-2.0.0 -I. -DHAVE_XMLPARSEDOC -DHAVE_XSLTPARSESTYLESHEETDOC -DHAVE_EXSLTFUNCREGISTER -DHAVE_XMLHASFEATURE -DHAVE_XMLFIRSTELEMENTCHILD -DHAVE_XMLRELAXNGSETPARSERSTRUCTUREDERRORS -DHAVE_XMLRELAXNGSETPARSERSTRUCTUREDERRORS -DHAVE_XMLRELAXNGSETVALIDSTRUCTUREDERRORS -DHAVE_XMLSCHEMASETVALIDSTRUCTUREDERRORS -DHAVE_XMLSCHEMASETPARSERSTRUCTUREDERRORS     -ggdb -O2 -pipe -Wimplicit-function-declaration    -g -DXP_UNIX -Wall -Wcast-qual -Wwrite-strings -Wconversion -Wmissing-noreturn -Winline -I/usr/include/libxml2 -I/usr/include/libxml2 -I/usr/include/libxml2  -o html_document.o -c html_document.c
In file included from /usr/include/ruby-2.0.0/ruby.h:33:0,
                 from ./nokogiri.h:33,
                 from ./html_document.h:4,
                 from html_document.c:1:
/usr/include/ruby-2.0.0/ruby/ruby.h: 在函数‘rb_float_value’中:
/usr/include/ruby-2.0.0/ruby/ruby.h:777:41: 警告：负整数隐式转换为无符号类型 [-Wsign-conversion]
      t.v = RUBY_BIT_ROTR((2 - b63) | (v & ~0x03), 3);
                                         ^
/usr/include/ruby-2.0.0/ruby/ruby.h:761:32: 附注：in definition of macro ‘RUBY_BIT_ROTR’
 #define RUBY_BIT_ROTR(v, n) (((v) >> (n)) | ((v) << ((sizeof(v) * 8) - n)))
                                ^
/usr/include/ruby-2.0.0/ruby/ruby.h:777:41: 警告：负整数隐式转换为无符号类型 [-Wsign-conversion]
      t.v = RUBY_BIT_ROTR((2 - b63) | (v & ~0x03), 3);
                                         ^
/usr/include/ruby-2.0.0/ruby/ruby.h:761:47: 附注：in definition of macro ‘RUBY_BIT_ROTR’
 #define RUBY_BIT_ROTR(v, n) (((v) >> (n)) | ((v) << ((sizeof(v) * 8) - n)))
                                               ^
gcc -I. -I/usr/include/ruby-2.0.0 -I/usr/include/ruby-2.0.0/ruby/backward -I/usr/include/ruby-2.0.0 -I. -DHAVE_XMLPARSEDOC -DHAVE_XSLTPARSESTYLESHEETDOC -DHAVE_EXSLTFUNCREGISTER -DHAVE_XMLHASFEATURE -DHAVE_XMLFIRSTELEMENTCHILD -DHAVE_XMLRELAXNGSETPARSERSTRUCTUREDERRORS -DHAVE_XMLRELAXNGSETPARSERSTRUCTUREDERRORS -DHAVE_XMLRELAXNGSETVALIDSTRUCTUREDERRORS -DHAVE_XMLSCHEMASETVALIDSTRUCTUREDERRORS -DHAVE_XMLSCHEMASETPARSERSTRUCTUREDERRORS     -ggdb -O2 -pipe -Wimplicit-function-declaration    -g -DXP_UNIX -Wall -Wcast-qual -Wwrite-strings -Wconversion -Wmissing-noreturn -Winline -I/usr/include/libxml2 -I/usr/include/libxml2 -I/usr/include/libxml2  -o html_element_description.o -c html_element_description.c
In file included from /usr/include/ruby-2.0.0/ruby.h:33:0,
                 from ./nokogiri.h:33,
                 from ./html_element_description.h:4,
                 from html_element_description.c:1:
/usr/include/ruby-2.0.0/ruby/ruby.h: 在函数‘rb_float_value’中:
/usr/include/ruby-2.0.0/ruby/ruby.h:777:41: 警告：负整数隐式转换为无符号类型 [-Wsign-conversion]
      t.v = RUBY_BIT_ROTR((2 - b63) | (v & ~0x03), 3);
                                         ^
/usr/include/ruby-2.0.0/ruby/ruby.h:761:32: 附注：in definition of macro ‘RUBY_BIT_ROTR’
 #define RUBY_BIT_ROTR(v, n) (((v) >> (n)) | ((v) << ((sizeof(v) * 8) - n)))
                                ^
/usr/include/ruby-2.0.0/ruby/ruby.h:777:41: 警告：负整数隐式转换为无符号类型 [-Wsign-conversion]
      t.v = RUBY_BIT_ROTR((2 - b63) | (v & ~0x03), 3);
                                         ^
/usr/include/ruby-2.0.0/ruby/ruby.h:761:47: 附注：in definition of macro ‘RUBY_BIT_ROTR’
 #define RUBY_BIT_ROTR(v, n) (((v) >> (n)) | ((v) << ((sizeof(v) * 8) - n)))
                                               ^
html_element_description.c: 在函数‘get_description’中:
html_element_description.c:252:40: 警告：cast discards ‘const’ qualifier from pointer target type [-Wcast-qual]
   return Data_Wrap_Struct(klass, 0, 0, (void *)description);
                                        ^
/usr/include/ruby-2.0.0/ruby/ruby.h:1008:35: 附注：in definition of macro ‘Data_Wrap_Struct’
     rb_data_object_alloc((klass),(sval),(RUBY_DATA_FUNC)(mark),(RUBY_DATA_FUNC)(free))
                                   ^
gcc -I. -I/usr/include/ruby-2.0.0 -I/usr/include/ruby-2.0.0/ruby/backward -I/usr/include/ruby-2.0.0 -I. -DHAVE_XMLPARSEDOC -DHAVE_XSLTPARSESTYLESHEETDOC -DHAVE_EXSLTFUNCREGISTER -DHAVE_XMLHASFEATURE -DHAVE_XMLFIRSTELEMENTCHILD -DHAVE_XMLRELAXNGSETPARSERSTRUCTUREDERRORS -DHAVE_XMLRELAXNGSETPARSERSTRUCTUREDERRORS -DHAVE_XMLRELAXNGSETVALIDSTRUCTUREDERRORS -DHAVE_XMLSCHEMASETVALIDSTRUCTUREDERRORS -DHAVE_XMLSCHEMASETPARSERSTRUCTUREDERRORS     -ggdb -O2 -pipe -Wimplicit-function-declaration    -g -DXP_UNIX -Wall -Wcast-qual -Wwrite-strings -Wconversion -Wmissing-noreturn -Winline -I/usr/include/libxml2 -I/usr/include/libxml2 -I/usr/include/libxml2  -o html_entity_lookup.o -c html_entity_lookup.c
In file included from /usr/include/ruby-2.0.0/ruby.h:33:0,
                 from ./nokogiri.h:33,
                 from ./html_entity_lookup.h:4,
                 from html_entity_lookup.c:1:
/usr/include/ruby-2.0.0/ruby/ruby.h: 在函数‘rb_float_value’中:
/usr/include/ruby-2.0.0/ruby/ruby.h:777:41: 警告：负整数隐式转换为无符号类型 [-Wsign-conversion]
      t.v = RUBY_BIT_ROTR((2 - b63) | (v & ~0x03), 3);
                                         ^
/usr/include/ruby-2.0.0/ruby/ruby.h:761:32: 附注：in definition of macro ‘RUBY_BIT_ROTR’
 #define RUBY_BIT_ROTR(v, n) (((v) >> (n)) | ((v) << ((sizeof(v) * 8) - n)))
                                ^
/usr/include/ruby-2.0.0/ruby/ruby.h:777:41: 警告：负整数隐式转换为无符号类型 [-Wsign-conversion]
      t.v = RUBY_BIT_ROTR((2 - b63) | (v & ~0x03), 3);
                                         ^
/usr/include/ruby-2.0.0/ruby/ruby.h:761:47: 附注：in definition of macro ‘RUBY_BIT_ROTR’
 #define RUBY_BIT_ROTR(v, n) (((v) >> (n)) | ((v) << ((sizeof(v) * 8) - n)))
                                               ^
gcc -I. -I/usr/include/ruby-2.0.0 -I/usr/include/ruby-2.0.0/ruby/backward -I/usr/include/ruby-2.0.0 -I. -DHAVE_XMLPARSEDOC -DHAVE_XSLTPARSESTYLESHEETDOC -DHAVE_EXSLTFUNCREGISTER -DHAVE_XMLHASFEATURE -DHAVE_XMLFIRSTELEMENTCHILD -DHAVE_XMLRELAXNGSETPARSERSTRUCTUREDERRORS -DHAVE_XMLRELAXNGSETPARSERSTRUCTUREDERRORS -DHAVE_XMLRELAXNGSETVALIDSTRUCTUREDERRORS -DHAVE_XMLSCHEMASETVALIDSTRUCTUREDERRORS -DHAVE_XMLSCHEMASETPARSERSTRUCTUREDERRORS     -ggdb -O2 -pipe -Wimplicit-function-declaration    -g -DXP_UNIX -Wall -Wcast-qual -Wwrite-strings -Wconversion -Wmissing-noreturn -Winline -I/usr/include/libxml2 -I/usr/include/libxml2 -I/usr/include/libxml2  -o html_sax_parser_context.o -c html_sax_parser_context.c
In file included from /usr/include/ruby-2.0.0/ruby.h:33:0,
                 from ./nokogiri.h:33,
                 from ./html_sax_parser_context.h:4,
                 from html_sax_parser_context.c:1:
/usr/include/ruby-2.0.0/ruby/ruby.h: 在函数‘rb_float_value’中:
/usr/include/ruby-2.0.0/ruby/ruby.h:777:41: 警告：负整数隐式转换为无符号类型 [-Wsign-conversion]
      t.v = RUBY_BIT_ROTR((2 - b63) | (v & ~0x03), 3);
                                         ^
/usr/include/ruby-2.0.0/ruby/ruby.h:761:32: 附注：in definition of macro ‘RUBY_BIT_ROTR’
 #define RUBY_BIT_ROTR(v, n) (((v) >> (n)) | ((v) << ((sizeof(v) * 8) - n)))
                                ^
/usr/include/ruby-2.0.0/ruby/ruby.h:777:41: 警告：负整数隐式转换为无符号类型 [-Wsign-conversion]
      t.v = RUBY_BIT_ROTR((2 - b63) | (v & ~0x03), 3);
                                         ^
/usr/include/ruby-2.0.0/ruby/ruby.h:761:47: 附注：in definition of macro ‘RUBY_BIT_ROTR’
 #define RUBY_BIT_ROTR(v, n) (((v) >> (n)) | ((v) << ((sizeof(v) * 8) - n)))
                                               ^
gcc -I. -I/usr/include/ruby-2.0.0 -I/usr/include/ruby-2.0.0/ruby/backward -I/usr/include/ruby-2.0.0 -I. -DHAVE_XMLPARSEDOC -DHAVE_XSLTPARSESTYLESHEETDOC -DHAVE_EXSLTFUNCREGISTER -DHAVE_XMLHASFEATURE -DHAVE_XMLFIRSTELEMENTCHILD -DHAVE_XMLRELAXNGSETPARSERSTRUCTUREDERRORS -DHAVE_XMLRELAXNGSETPARSERSTRUCTUREDERRORS -DHAVE_XMLRELAXNGSETVALIDSTRUCTUREDERRORS -DHAVE_XMLSCHEMASETVALIDSTRUCTUREDERRORS -DHAVE_XMLSCHEMASETPARSERSTRUCTUREDERRORS     -ggdb -O2 -pipe -Wimplicit-function-declaration    -g -DXP_UNIX -Wall -Wcast-qual -Wwrite-strings -Wconversion -Wmissing-noreturn -Winline -I/usr/include/libxml2 -I/usr/include/libxml2 -I/usr/include/libxml2  -o html_sax_push_parser.o -c html_sax_push_parser.c
In file included from /usr/include/ruby-2.0.0/ruby.h:33:0,
                 from ./nokogiri.h:33,
                 from ./html_sax_push_parser.h:4,
                 from html_sax_push_parser.c:1:
/usr/include/ruby-2.0.0/ruby/ruby.h: 在函数‘rb_float_value’中:
/usr/include/ruby-2.0.0/ruby/ruby.h:777:41: 警告：负整数隐式转换为无符号类型 [-Wsign-conversion]
      t.v = RUBY_BIT_ROTR((2 - b63) | (v & ~0x03), 3);
                                         ^
/usr/include/ruby-2.0.0/ruby/ruby.h:761:32: 附注：in definition of macro ‘RUBY_BIT_ROTR’
 #define RUBY_BIT_ROTR(v, n) (((v) >> (n)) | ((v) << ((sizeof(v) * 8) - n)))
                                ^
/usr/include/ruby-2.0.0/ruby/ruby.h:777:41: 警告：负整数隐式转换为无符号类型 [-Wsign-conversion]
      t.v = RUBY_BIT_ROTR((2 - b63) | (v & ~0x03), 3);
                                         ^
/usr/include/ruby-2.0.0/ruby/ruby.h:761:47: 附注：in definition of macro ‘RUBY_BIT_ROTR’
 #define RUBY_BIT_ROTR(v, n) (((v) >> (n)) | ((v) << ((sizeof(v) * 8) - n)))
                                               ^
gcc -I. -I/usr/include/ruby-2.0.0 -I/usr/include/ruby-2.0.0/ruby/backward -I/usr/include/ruby-2.0.0 -I. -DHAVE_XMLPARSEDOC -DHAVE_XSLTPARSESTYLESHEETDOC -DHAVE_EXSLTFUNCREGISTER -DHAVE_XMLHASFEATURE -DHAVE_XMLFIRSTELEMENTCHILD -DHAVE_XMLRELAXNGSETPARSERSTRUCTUREDERRORS -DHAVE_XMLRELAXNGSETPARSERSTRUCTUREDERRORS -DHAVE_XMLRELAXNGSETVALIDSTRUCTUREDERRORS -DHAVE_XMLSCHEMASETVALIDSTRUCTUREDERRORS -DHAVE_XMLSCHEMASETPARSERSTRUCTUREDERRORS     -ggdb -O2 -pipe -Wimplicit-function-declaration    -g -DXP_UNIX -Wall -Wcast-qual -Wwrite-strings -Wconversion -Wmissing-noreturn -Winline -I/usr/include/libxml2 -I/usr/include/libxml2 -I/usr/include/libxml2  -o nokogiri.o -c nokogiri.c
In file included from /usr/include/ruby-2.0.0/ruby.h:33:0,
                 from ./nokogiri.h:33,
                 from nokogiri.c:1:
/usr/include/ruby-2.0.0/ruby/ruby.h: 在函数‘rb_float_value’中:
/usr/include/ruby-2.0.0/ruby/ruby.h:777:41: 警告：负整数隐式转换为无符号类型 [-Wsign-conversion]
      t.v = RUBY_BIT_ROTR((2 - b63) | (v & ~0x03), 3);
                                         ^
/usr/include/ruby-2.0.0/ruby/ruby.h:761:32: 附注：in definition of macro ‘RUBY_BIT_ROTR’
 #define RUBY_BIT_ROTR(v, n) (((v) >> (n)) | ((v) << ((sizeof(v) * 8) - n)))
                                ^
/usr/include/ruby-2.0.0/ruby/ruby.h:777:41: 警告：负整数隐式转换为无符号类型 [-Wsign-conversion]
      t.v = RUBY_BIT_ROTR((2 - b63) | (v & ~0x03), 3);
                                         ^
/usr/include/ruby-2.0.0/ruby/ruby.h:761:47: 附注：in definition of macro ‘RUBY_BIT_ROTR’
 #define RUBY_BIT_ROTR(v, n) (((v) >> (n)) | ((v) << ((sizeof(v) * 8) - n)))
                                               ^
gcc -I. -I/usr/include/ruby-2.0.0 -I/usr/include/ruby-2.0.0/ruby/backward -I/usr/include/ruby-2.0.0 -I. -DHAVE_XMLPARSEDOC -DHAVE_XSLTPARSESTYLESHEETDOC -DHAVE_EXSLTFUNCREGISTER -DHAVE_XMLHASFEATURE -DHAVE_XMLFIRSTELEMENTCHILD -DHAVE_XMLRELAXNGSETPARSERSTRUCTUREDERRORS -DHAVE_XMLRELAXNGSETPARSERSTRUCTUREDERRORS -DHAVE_XMLRELAXNGSETVALIDSTRUCTUREDERRORS -DHAVE_XMLSCHEMASETVALIDSTRUCTUREDERRORS -DHAVE_XMLSCHEMASETPARSERSTRUCTUREDERRORS     -ggdb -O2 -pipe -Wimplicit-function-declaration    -g -DXP_UNIX -Wall -Wcast-qual -Wwrite-strings -Wconversion -Wmissing-noreturn -Winline -I/usr/include/libxml2 -I/usr/include/libxml2 -I/usr/include/libxml2  -o xml_attr.o -c xml_attr.c
In file included from /usr/include/ruby-2.0.0/ruby.h:33:0,
                 from ./nokogiri.h:33,
                 from ./xml_attr.h:4,
                 from xml_attr.c:1:
/usr/include/ruby-2.0.0/ruby/ruby.h: 在函数‘rb_float_value’中:
/usr/include/ruby-2.0.0/ruby/ruby.h:777:41: 警告：负整数隐式转换为无符号类型 [-Wsign-conversion]
      t.v = RUBY_BIT_ROTR((2 - b63) | (v & ~0x03), 3);
                                         ^
/usr/include/ruby-2.0.0/ruby/ruby.h:761:32: 附注：in definition of macro ‘RUBY_BIT_ROTR’
 #define RUBY_BIT_ROTR(v, n) (((v) >> (n)) | ((v) << ((sizeof(v) * 8) - n)))
                                ^
/usr/include/ruby-2.0.0/ruby/ruby.h:777:41: 警告：负整数隐式转换为无符号类型 [-Wsign-conversion]
      t.v = RUBY_BIT_ROTR((2 - b63) | (v & ~0x03), 3);
                                         ^
/usr/include/ruby-2.0.0/ruby/ruby.h:761:47: 附注：in definition of macro ‘RUBY_BIT_ROTR’
 #define RUBY_BIT_ROTR(v, n) (((v) >> (n)) | ((v) << ((sizeof(v) * 8) - n)))
                                               ^
gcc -I. -I/usr/include/ruby-2.0.0 -I/usr/include/ruby-2.0.0/ruby/backward -I/usr/include/ruby-2.0.0 -I. -DHAVE_XMLPARSEDOC -DHAVE_XSLTPARSESTYLESHEETDOC -DHAVE_EXSLTFUNCREGISTER -DHAVE_XMLHASFEATURE -DHAVE_XMLFIRSTELEMENTCHILD -DHAVE_XMLRELAXNGSETPARSERSTRUCTUREDERRORS -DHAVE_XMLRELAXNGSETPARSERSTRUCTUREDERRORS -DHAVE_XMLRELAXNGSETVALIDSTRUCTUREDERRORS -DHAVE_XMLSCHEMASETVALIDSTRUCTUREDERRORS -DHAVE_XMLSCHEMASETPARSERSTRUCTUREDERRORS     -ggdb -O2 -pipe -Wimplicit-function-declaration    -g -DXP_UNIX -Wall -Wcast-qual -Wwrite-strings -Wconversion -Wmissing-noreturn -Winline -I/usr/include/libxml2 -I/usr/include/libxml2 -I/usr/include/libxml2  -o xml_attribute_decl.o -c xml_attribute_decl.c
In file included from /usr/include/ruby-2.0.0/ruby.h:33:0,
                 from ./nokogiri.h:33,
                 from ./xml_attribute_decl.h:4,
                 from xml_attribute_decl.c:1:
/usr/include/ruby-2.0.0/ruby/ruby.h: 在函数‘rb_float_value’中:
/usr/include/ruby-2.0.0/ruby/ruby.h:777:41: 警告：负整数隐式转换为无符号类型 [-Wsign-conversion]
      t.v = RUBY_BIT_ROTR((2 - b63) | (v & ~0x03), 3);
                                         ^
/usr/include/ruby-2.0.0/ruby/ruby.h:761:32: 附注：in definition of macro ‘RUBY_BIT_ROTR’
 #define RUBY_BIT_ROTR(v, n) (((v) >> (n)) | ((v) << ((sizeof(v) * 8) - n)))
                                ^
/usr/include/ruby-2.0.0/ruby/ruby.h:777:41: 警告：负整数隐式转换为无符号类型 [-Wsign-conversion]
      t.v = RUBY_BIT_ROTR((2 - b63) | (v & ~0x03), 3);
                                         ^
/usr/include/ruby-2.0.0/ruby/ruby.h:761:47: 附注：in definition of macro ‘RUBY_BIT_ROTR’
 #define RUBY_BIT_ROTR(v, n) (((v) >> (n)) | ((v) << ((sizeof(v) * 8) - n)))
                                               ^
gcc -I. -I/usr/include/ruby-2.0.0 -I/usr/include/ruby-2.0.0/ruby/backward -I/usr/include/ruby-2.0.0 -I. -DHAVE_XMLPARSEDOC -DHAVE_XSLTPARSESTYLESHEETDOC -DHAVE_EXSLTFUNCREGISTER -DHAVE_XMLHASFEATURE -DHAVE_XMLFIRSTELEMENTCHILD -DHAVE_XMLRELAXNGSETPARSERSTRUCTUREDERRORS -DHAVE_XMLRELAXNGSETPARSERSTRUCTUREDERRORS -DHAVE_XMLRELAXNGSETVALIDSTRUCTUREDERRORS -DHAVE_XMLSCHEMASETVALIDSTRUCTUREDERRORS -DHAVE_XMLSCHEMASETPARSERSTRUCTUREDERRORS     -ggdb -O2 -pipe -Wimplicit-function-declaration    -g -DXP_UNIX -Wall -Wcast-qual -Wwrite-strings -Wconversion -Wmissing-noreturn -Winline -I/usr/include/libxml2 -I/usr/include/libxml2 -I/usr/include/libxml2  -o xml_cdata.o -c xml_cdata.c
In file included from /usr/include/ruby-2.0.0/ruby.h:33:0,
                 from ./nokogiri.h:33,
                 from ./xml_cdata.h:4,
                 from xml_cdata.c:1:
/usr/include/ruby-2.0.0/ruby/ruby.h: 在函数‘rb_float_value’中:
/usr/include/ruby-2.0.0/ruby/ruby.h:777:41: 警告：负整数隐式转换为无符号类型 [-Wsign-conversion]
      t.v = RUBY_BIT_ROTR((2 - b63) | (v & ~0x03), 3);
                                         ^
/usr/include/ruby-2.0.0/ruby/ruby.h:761:32: 附注：in definition of macro ‘RUBY_BIT_ROTR’
 #define RUBY_BIT_ROTR(v, n) (((v) >> (n)) | ((v) << ((sizeof(v) * 8) - n)))
                                ^
/usr/include/ruby-2.0.0/ruby/ruby.h:777:41: 警告：负整数隐式转换为无符号类型 [-Wsign-conversion]
      t.v = RUBY_BIT_ROTR((2 - b63) | (v & ~0x03), 3);
                                         ^
/usr/include/ruby-2.0.0/ruby/ruby.h:761:47: 附注：in definition of macro ‘RUBY_BIT_ROTR’
 #define RUBY_BIT_ROTR(v, n) (((v) >> (n)) | ((v) << ((sizeof(v) * 8) - n)))
                                               ^
gcc -I. -I/usr/include/ruby-2.0.0 -I/usr/include/ruby-2.0.0/ruby/backward -I/usr/include/ruby-2.0.0 -I. -DHAVE_XMLPARSEDOC -DHAVE_XSLTPARSESTYLESHEETDOC -DHAVE_EXSLTFUNCREGISTER -DHAVE_XMLHASFEATURE -DHAVE_XMLFIRSTELEMENTCHILD -DHAVE_XMLRELAXNGSETPARSERSTRUCTUREDERRORS -DHAVE_XMLRELAXNGSETPARSERSTRUCTUREDERRORS -DHAVE_XMLRELAXNGSETVALIDSTRUCTUREDERRORS -DHAVE_XMLSCHEMASETVALIDSTRUCTUREDERRORS -DHAVE_XMLSCHEMASETPARSERSTRUCTUREDERRORS     -ggdb -O2 -pipe -Wimplicit-function-declaration    -g -DXP_UNIX -Wall -Wcast-qual -Wwrite-strings -Wconversion -Wmissing-noreturn -Winline -I/usr/include/libxml2 -I/usr/include/libxml2 -I/usr/include/libxml2  -o xml_comment.o -c xml_comment.c
In file included from /usr/include/ruby-2.0.0/ruby.h:33:0,
                 from ./nokogiri.h:33,
                 from ./xml_comment.h:4,
                 from xml_comment.c:1:
/usr/include/ruby-2.0.0/ruby/ruby.h: 在函数‘rb_float_value’中:
/usr/include/ruby-2.0.0/ruby/ruby.h:777:41: 警告：负整数隐式转换为无符号类型 [-Wsign-conversion]
      t.v = RUBY_BIT_ROTR((2 - b63) | (v & ~0x03), 3);
                                         ^
/usr/include/ruby-2.0.0/ruby/ruby.h:761:32: 附注：in definition of macro ‘RUBY_BIT_ROTR’
 #define RUBY_BIT_ROTR(v, n) (((v) >> (n)) | ((v) << ((sizeof(v) * 8) - n)))
                                ^
/usr/include/ruby-2.0.0/ruby/ruby.h:777:41: 警告：负整数隐式转换为无符号类型 [-Wsign-conversion]
      t.v = RUBY_BIT_ROTR((2 - b63) | (v & ~0x03), 3);
                                         ^
/usr/include/ruby-2.0.0/ruby/ruby.h:761:47: 附注：in definition of macro ‘RUBY_BIT_ROTR’
 #define RUBY_BIT_ROTR(v, n) (((v) >> (n)) | ((v) << ((sizeof(v) * 8) - n)))
                                               ^
gcc -I. -I/usr/include/ruby-2.0.0 -I/usr/include/ruby-2.0.0/ruby/backward -I/usr/include/ruby-2.0.0 -I. -DHAVE_XMLPARSEDOC -DHAVE_XSLTPARSESTYLESHEETDOC -DHAVE_EXSLTFUNCREGISTER -DHAVE_XMLHASFEATURE -DHAVE_XMLFIRSTELEMENTCHILD -DHAVE_XMLRELAXNGSETPARSERSTRUCTUREDERRORS -DHAVE_XMLRELAXNGSETPARSERSTRUCTUREDERRORS -DHAVE_XMLRELAXNGSETVALIDSTRUCTUREDERRORS -DHAVE_XMLSCHEMASETVALIDSTRUCTUREDERRORS -DHAVE_XMLSCHEMASETPARSERSTRUCTUREDERRORS     -ggdb -O2 -pipe -Wimplicit-function-declaration    -g -DXP_UNIX -Wall -Wcast-qual -Wwrite-strings -Wconversion -Wmissing-noreturn -Winline -I/usr/include/libxml2 -I/usr/include/libxml2 -I/usr/include/libxml2  -o xml_document.o -c xml_document.c
In file included from /usr/include/ruby-2.0.0/ruby.h:33:0,
                 from ./nokogiri.h:33,
                 from ./xml_document.h:4,
                 from xml_document.c:1:
/usr/include/ruby-2.0.0/ruby/ruby.h: 在函数‘rb_float_value’中:
/usr/include/ruby-2.0.0/ruby/ruby.h:777:41: 警告：负整数隐式转换为无符号类型 [-Wsign-conversion]
      t.v = RUBY_BIT_ROTR((2 - b63) | (v & ~0x03), 3);
                                         ^
/usr/include/ruby-2.0.0/ruby/ruby.h:761:32: 附注：in definition of macro ‘RUBY_BIT_ROTR’
 #define RUBY_BIT_ROTR(v, n) (((v) >> (n)) | ((v) << ((sizeof(v) * 8) - n)))
                                ^
/usr/include/ruby-2.0.0/ruby/ruby.h:777:41: 警告：负整数隐式转换为无符号类型 [-Wsign-conversion]
      t.v = RUBY_BIT_ROTR((2 - b63) | (v & ~0x03), 3);
                                         ^
/usr/include/ruby-2.0.0/ruby/ruby.h:761:47: 附注：in definition of macro ‘RUBY_BIT_ROTR’
 #define RUBY_BIT_ROTR(v, n) (((v) >> (n)) | ((v) << ((sizeof(v) * 8) - n)))
                                               ^
xml_document.c: 在函数‘set_encoding’中:
xml_document.c:182:12: 警告：cast discards ‘const’ qualifier from pointer target type [-Wcast-qual]
       free((char *) doc->encoding); /* this may produce a gcc cast warning */
            ^
xml_document.c: 在函数‘canonicalize’中:
xml_document.c:537:15: 警告：cast discards ‘const’ qualifier from pointer target type [-Wcast-qual]
       ns[i] = (xmlChar*) ptr;
               ^
gcc -I. -I/usr/include/ruby-2.0.0 -I/usr/include/ruby-2.0.0/ruby/backward -I/usr/include/ruby-2.0.0 -I. -DHAVE_XMLPARSEDOC -DHAVE_XSLTPARSESTYLESHEETDOC -DHAVE_EXSLTFUNCREGISTER -DHAVE_XMLHASFEATURE -DHAVE_XMLFIRSTELEMENTCHILD -DHAVE_XMLRELAXNGSETPARSERSTRUCTUREDERRORS -DHAVE_XMLRELAXNGSETPARSERSTRUCTUREDERRORS -DHAVE_XMLRELAXNGSETVALIDSTRUCTUREDERRORS -DHAVE_XMLSCHEMASETVALIDSTRUCTUREDERRORS -DHAVE_XMLSCHEMASETPARSERSTRUCTUREDERRORS     -ggdb -O2 -pipe -Wimplicit-function-declaration    -g -DXP_UNIX -Wall -Wcast-qual -Wwrite-strings -Wconversion -Wmissing-noreturn -Winline -I/usr/include/libxml2 -I/usr/include/libxml2 -I/usr/include/libxml2  -o xml_document_fragment.o -c xml_document_fragment.c
In file included from /usr/include/ruby-2.0.0/ruby.h:33:0,
                 from ./nokogiri.h:33,
                 from ./xml_document_fragment.h:4,
                 from xml_document_fragment.c:1:
/usr/include/ruby-2.0.0/ruby/ruby.h: 在函数‘rb_float_value’中:
/usr/include/ruby-2.0.0/ruby/ruby.h:777:41: 警告：负整数隐式转换为无符号类型 [-Wsign-conversion]
      t.v = RUBY_BIT_ROTR((2 - b63) | (v & ~0x03), 3);
                                         ^
/usr/include/ruby-2.0.0/ruby/ruby.h:761:32: 附注：in definition of macro ‘RUBY_BIT_ROTR’
 #define RUBY_BIT_ROTR(v, n) (((v) >> (n)) | ((v) << ((sizeof(v) * 8) - n)))
                                ^
/usr/include/ruby-2.0.0/ruby/ruby.h:777:41: 警告：负整数隐式转换为无符号类型 [-Wsign-conversion]
      t.v = RUBY_BIT_ROTR((2 - b63) | (v & ~0x03), 3);
                                         ^
/usr/include/ruby-2.0.0/ruby/ruby.h:761:47: 附注：in definition of macro ‘RUBY_BIT_ROTR’
 #define RUBY_BIT_ROTR(v, n) (((v) >> (n)) | ((v) << ((sizeof(v) * 8) - n)))
                                               ^
gcc -I. -I/usr/include/ruby-2.0.0 -I/usr/include/ruby-2.0.0/ruby/backward -I/usr/include/ruby-2.0.0 -I. -DHAVE_XMLPARSEDOC -DHAVE_XSLTPARSESTYLESHEETDOC -DHAVE_EXSLTFUNCREGISTER -DHAVE_XMLHASFEATURE -DHAVE_XMLFIRSTELEMENTCHILD -DHAVE_XMLRELAXNGSETPARSERSTRUCTUREDERRORS -DHAVE_XMLRELAXNGSETPARSERSTRUCTUREDERRORS -DHAVE_XMLRELAXNGSETVALIDSTRUCTUREDERRORS -DHAVE_XMLSCHEMASETVALIDSTRUCTUREDERRORS -DHAVE_XMLSCHEMASETPARSERSTRUCTUREDERRORS     -ggdb -O2 -pipe -Wimplicit-function-declaration    -g -DXP_UNIX -Wall -Wcast-qual -Wwrite-strings -Wconversion -Wmissing-noreturn -Winline -I/usr/include/libxml2 -I/usr/include/libxml2 -I/usr/include/libxml2  -o xml_dtd.o -c xml_dtd.c
In file included from /usr/include/ruby-2.0.0/ruby.h:33:0,
                 from ./nokogiri.h:33,
                 from ./xml_dtd.h:4,
                 from xml_dtd.c:1:
/usr/include/ruby-2.0.0/ruby/ruby.h: 在函数‘rb_float_value’中:
/usr/include/ruby-2.0.0/ruby/ruby.h:777:41: 警告：负整数隐式转换为无符号类型 [-Wsign-conversion]
      t.v = RUBY_BIT_ROTR((2 - b63) | (v & ~0x03), 3);
                                         ^
/usr/include/ruby-2.0.0/ruby/ruby.h:761:32: 附注：in definition of macro ‘RUBY_BIT_ROTR’
 #define RUBY_BIT_ROTR(v, n) (((v) >> (n)) | ((v) << ((sizeof(v) * 8) - n)))
                                ^
/usr/include/ruby-2.0.0/ruby/ruby.h:777:41: 警告：负整数隐式转换为无符号类型 [-Wsign-conversion]
      t.v = RUBY_BIT_ROTR((2 - b63) | (v & ~0x03), 3);
                                         ^
/usr/include/ruby-2.0.0/ruby/ruby.h:761:47: 附注：in definition of macro ‘RUBY_BIT_ROTR’
 #define RUBY_BIT_ROTR(v, n) (((v) >> (n)) | ((v) << ((sizeof(v) * 8) - n)))
                                               ^
gcc -I. -I/usr/include/ruby-2.0.0 -I/usr/include/ruby-2.0.0/ruby/backward -I/usr/include/ruby-2.0.0 -I. -DHAVE_XMLPARSEDOC -DHAVE_XSLTPARSESTYLESHEETDOC -DHAVE_EXSLTFUNCREGISTER -DHAVE_XMLHASFEATURE -DHAVE_XMLFIRSTELEMENTCHILD -DHAVE_XMLRELAXNGSETPARSERSTRUCTUREDERRORS -DHAVE_XMLRELAXNGSETPARSERSTRUCTUREDERRORS -DHAVE_XMLRELAXNGSETVALIDSTRUCTUREDERRORS -DHAVE_XMLSCHEMASETVALIDSTRUCTUREDERRORS -DHAVE_XMLSCHEMASETPARSERSTRUCTUREDERRORS     -ggdb -O2 -pipe -Wimplicit-function-declaration    -g -DXP_UNIX -Wall -Wcast-qual -Wwrite-strings -Wconversion -Wmissing-noreturn -Winline -I/usr/include/libxml2 -I/usr/include/libxml2 -I/usr/include/libxml2  -o xml_element_content.o -c xml_element_content.c
In file included from /usr/include/ruby-2.0.0/ruby.h:33:0,
                 from ./nokogiri.h:33,
                 from ./xml_element_content.h:4,
                 from xml_element_content.c:1:
/usr/include/ruby-2.0.0/ruby/ruby.h: 在函数‘rb_float_value’中:
/usr/include/ruby-2.0.0/ruby/ruby.h:777:41: 警告：负整数隐式转换为无符号类型 [-Wsign-conversion]
      t.v = RUBY_BIT_ROTR((2 - b63) | (v & ~0x03), 3);
                                         ^
/usr/include/ruby-2.0.0/ruby/ruby.h:761:32: 附注：in definition of macro ‘RUBY_BIT_ROTR’
 #define RUBY_BIT_ROTR(v, n) (((v) >> (n)) | ((v) << ((sizeof(v) * 8) - n)))
                                ^
/usr/include/ruby-2.0.0/ruby/ruby.h:777:41: 警告：负整数隐式转换为无符号类型 [-Wsign-conversion]
      t.v = RUBY_BIT_ROTR((2 - b63) | (v & ~0x03), 3);
                                         ^
/usr/include/ruby-2.0.0/ruby/ruby.h:761:47: 附注：in definition of macro ‘RUBY_BIT_ROTR’
 #define RUBY_BIT_ROTR(v, n) (((v) >> (n)) | ((v) << ((sizeof(v) * 8) - n)))
                                               ^
gcc -I. -I/usr/include/ruby-2.0.0 -I/usr/include/ruby-2.0.0/ruby/backward -I/usr/include/ruby-2.0.0 -I. -DHAVE_XMLPARSEDOC -DHAVE_XSLTPARSESTYLESHEETDOC -DHAVE_EXSLTFUNCREGISTER -DHAVE_XMLHASFEATURE -DHAVE_XMLFIRSTELEMENTCHILD -DHAVE_XMLRELAXNGSETPARSERSTRUCTUREDERRORS -DHAVE_XMLRELAXNGSETPARSERSTRUCTUREDERRORS -DHAVE_XMLRELAXNGSETVALIDSTRUCTUREDERRORS -DHAVE_XMLSCHEMASETVALIDSTRUCTUREDERRORS -DHAVE_XMLSCHEMASETPARSERSTRUCTUREDERRORS     -ggdb -O2 -pipe -Wimplicit-function-declaration    -g -DXP_UNIX -Wall -Wcast-qual -Wwrite-strings -Wconversion -Wmissing-noreturn -Winline -I/usr/include/libxml2 -I/usr/include/libxml2 -I/usr/include/libxml2  -o xml_element_decl.o -c xml_element_decl.c
In file included from /usr/include/ruby-2.0.0/ruby.h:33:0,
                 from ./nokogiri.h:33,
                 from ./xml_element_decl.h:4,
                 from xml_element_decl.c:1:
/usr/include/ruby-2.0.0/ruby/ruby.h: 在函数‘rb_float_value’中:
/usr/include/ruby-2.0.0/ruby/ruby.h:777:41: 警告：负整数隐式转换为无符号类型 [-Wsign-conversion]
      t.v = RUBY_BIT_ROTR((2 - b63) | (v & ~0x03), 3);
                                         ^
/usr/include/ruby-2.0.0/ruby/ruby.h:761:32: 附注：in definition of macro ‘RUBY_BIT_ROTR’
 #define RUBY_BIT_ROTR(v, n) (((v) >> (n)) | ((v) << ((sizeof(v) * 8) - n)))
                                ^
/usr/include/ruby-2.0.0/ruby/ruby.h:777:41: 警告：负整数隐式转换为无符号类型 [-Wsign-conversion]
      t.v = RUBY_BIT_ROTR((2 - b63) | (v & ~0x03), 3);
                                         ^
/usr/include/ruby-2.0.0/ruby/ruby.h:761:47: 附注：in definition of macro ‘RUBY_BIT_ROTR’
 #define RUBY_BIT_ROTR(v, n) (((v) >> (n)) | ((v) << ((sizeof(v) * 8) - n)))
                                               ^
gcc -I. -I/usr/include/ruby-2.0.0 -I/usr/include/ruby-2.0.0/ruby/backward -I/usr/include/ruby-2.0.0 -I. -DHAVE_XMLPARSEDOC -DHAVE_XSLTPARSESTYLESHEETDOC -DHAVE_EXSLTFUNCREGISTER -DHAVE_XMLHASFEATURE -DHAVE_XMLFIRSTELEMENTCHILD -DHAVE_XMLRELAXNGSETPARSERSTRUCTUREDERRORS -DHAVE_XMLRELAXNGSETPARSERSTRUCTUREDERRORS -DHAVE_XMLRELAXNGSETVALIDSTRUCTUREDERRORS -DHAVE_XMLSCHEMASETVALIDSTRUCTUREDERRORS -DHAVE_XMLSCHEMASETPARSERSTRUCTUREDERRORS     -ggdb -O2 -pipe -Wimplicit-function-declaration    -g -DXP_UNIX -Wall -Wcast-qual -Wwrite-strings -Wconversion -Wmissing-noreturn -Winline -I/usr/include/libxml2 -I/usr/include/libxml2 -I/usr/include/libxml2  -o xml_encoding_handler.o -c xml_encoding_handler.c
In file included from /usr/include/ruby-2.0.0/ruby.h:33:0,
                 from ./nokogiri.h:33,
                 from ./xml_encoding_handler.h:4,
                 from xml_encoding_handler.c:1:
/usr/include/ruby-2.0.0/ruby/ruby.h: 在函数‘rb_float_value’中:
/usr/include/ruby-2.0.0/ruby/ruby.h:777:41: 警告：负整数隐式转换为无符号类型 [-Wsign-conversion]
      t.v = RUBY_BIT_ROTR((2 - b63) | (v & ~0x03), 3);
                                         ^
/usr/include/ruby-2.0.0/ruby/ruby.h:761:32: 附注：in definition of macro ‘RUBY_BIT_ROTR’
 #define RUBY_BIT_ROTR(v, n) (((v) >> (n)) | ((v) << ((sizeof(v) * 8) - n)))
                                ^
/usr/include/ruby-2.0.0/ruby/ruby.h:777:41: 警告：负整数隐式转换为无符号类型 [-Wsign-conversion]
      t.v = RUBY_BIT_ROTR((2 - b63) | (v & ~0x03), 3);
                                         ^
/usr/include/ruby-2.0.0/ruby/ruby.h:761:47: 附注：in definition of macro ‘RUBY_BIT_ROTR’
 #define RUBY_BIT_ROTR(v, n) (((v) >> (n)) | ((v) << ((sizeof(v) * 8) - n)))
                                               ^
gcc -I. -I/usr/include/ruby-2.0.0 -I/usr/include/ruby-2.0.0/ruby/backward -I/usr/include/ruby-2.0.0 -I. -DHAVE_XMLPARSEDOC -DHAVE_XSLTPARSESTYLESHEETDOC -DHAVE_EXSLTFUNCREGISTER -DHAVE_XMLHASFEATURE -DHAVE_XMLFIRSTELEMENTCHILD -DHAVE_XMLRELAXNGSETPARSERSTRUCTUREDERRORS -DHAVE_XMLRELAXNGSETPARSERSTRUCTUREDERRORS -DHAVE_XMLRELAXNGSETVALIDSTRUCTUREDERRORS -DHAVE_XMLSCHEMASETVALIDSTRUCTUREDERRORS -DHAVE_XMLSCHEMASETPARSERSTRUCTUREDERRORS     -ggdb -O2 -pipe -Wimplicit-function-declaration    -g -DXP_UNIX -Wall -Wcast-qual -Wwrite-strings -Wconversion -Wmissing-noreturn -Winline -I/usr/include/libxml2 -I/usr/include/libxml2 -I/usr/include/libxml2  -o xml_entity_decl.o -c xml_entity_decl.c
In file included from /usr/include/ruby-2.0.0/ruby.h:33:0,
                 from ./nokogiri.h:33,
                 from ./xml_entity_decl.h:4,
                 from xml_entity_decl.c:1:
/usr/include/ruby-2.0.0/ruby/ruby.h: 在函数‘rb_float_value’中:
/usr/include/ruby-2.0.0/ruby/ruby.h:777:41: 警告：负整数隐式转换为无符号类型 [-Wsign-conversion]
      t.v = RUBY_BIT_ROTR((2 - b63) | (v & ~0x03), 3);
                                         ^
/usr/include/ruby-2.0.0/ruby/ruby.h:761:32: 附注：in definition of macro ‘RUBY_BIT_ROTR’
 #define RUBY_BIT_ROTR(v, n) (((v) >> (n)) | ((v) << ((sizeof(v) * 8) - n)))
                                ^
/usr/include/ruby-2.0.0/ruby/ruby.h:777:41: 警告：负整数隐式转换为无符号类型 [-Wsign-conversion]
      t.v = RUBY_BIT_ROTR((2 - b63) | (v & ~0x03), 3);
                                         ^
/usr/include/ruby-2.0.0/ruby/ruby.h:761:47: 附注：in definition of macro ‘RUBY_BIT_ROTR’
 #define RUBY_BIT_ROTR(v, n) (((v) >> (n)) | ((v) << ((sizeof(v) * 8) - n)))
                                               ^
gcc -I. -I/usr/include/ruby-2.0.0 -I/usr/include/ruby-2.0.0/ruby/backward -I/usr/include/ruby-2.0.0 -I. -DHAVE_XMLPARSEDOC -DHAVE_XSLTPARSESTYLESHEETDOC -DHAVE_EXSLTFUNCREGISTER -DHAVE_XMLHASFEATURE -DHAVE_XMLFIRSTELEMENTCHILD -DHAVE_XMLRELAXNGSETPARSERSTRUCTUREDERRORS -DHAVE_XMLRELAXNGSETPARSERSTRUCTUREDERRORS -DHAVE_XMLRELAXNGSETVALIDSTRUCTUREDERRORS -DHAVE_XMLSCHEMASETVALIDSTRUCTUREDERRORS -DHAVE_XMLSCHEMASETPARSERSTRUCTUREDERRORS     -ggdb -O2 -pipe -Wimplicit-function-declaration    -g -DXP_UNIX -Wall -Wcast-qual -Wwrite-strings -Wconversion -Wmissing-noreturn -Winline -I/usr/include/libxml2 -I/usr/include/libxml2 -I/usr/include/libxml2  -o xml_entity_reference.o -c xml_entity_reference.c
In file included from /usr/include/ruby-2.0.0/ruby.h:33:0,
                 from ./nokogiri.h:33,
                 from ./xml_entity_reference.h:4,
                 from xml_entity_reference.c:1:
/usr/include/ruby-2.0.0/ruby/ruby.h: 在函数‘rb_float_value’中:
/usr/include/ruby-2.0.0/ruby/ruby.h:777:41: 警告：负整数隐式转换为无符号类型 [-Wsign-conversion]
      t.v = RUBY_BIT_ROTR((2 - b63) | (v & ~0x03), 3);
                                         ^
/usr/include/ruby-2.0.0/ruby/ruby.h:761:32: 附注：in definition of macro ‘RUBY_BIT_ROTR’
 #define RUBY_BIT_ROTR(v, n) (((v) >> (n)) | ((v) << ((sizeof(v) * 8) - n)))
                                ^
/usr/include/ruby-2.0.0/ruby/ruby.h:777:41: 警告：负整数隐式转换为无符号类型 [-Wsign-conversion]
      t.v = RUBY_BIT_ROTR((2 - b63) | (v & ~0x03), 3);
                                         ^
/usr/include/ruby-2.0.0/ruby/ruby.h:761:47: 附注：in definition of macro ‘RUBY_BIT_ROTR’
 #define RUBY_BIT_ROTR(v, n) (((v) >> (n)) | ((v) << ((sizeof(v) * 8) - n)))
                                               ^
gcc -I. -I/usr/include/ruby-2.0.0 -I/usr/include/ruby-2.0.0/ruby/backward -I/usr/include/ruby-2.0.0 -I. -DHAVE_XMLPARSEDOC -DHAVE_XSLTPARSESTYLESHEETDOC -DHAVE_EXSLTFUNCREGISTER -DHAVE_XMLHASFEATURE -DHAVE_XMLFIRSTELEMENTCHILD -DHAVE_XMLRELAXNGSETPARSERSTRUCTUREDERRORS -DHAVE_XMLRELAXNGSETPARSERSTRUCTUREDERRORS -DHAVE_XMLRELAXNGSETVALIDSTRUCTUREDERRORS -DHAVE_XMLSCHEMASETVALIDSTRUCTUREDERRORS -DHAVE_XMLSCHEMASETPARSERSTRUCTUREDERRORS     -ggdb -O2 -pipe -Wimplicit-function-declaration    -g -DXP_UNIX -Wall -Wcast-qual -Wwrite-strings -Wconversion -Wmissing-noreturn -Winline -I/usr/include/libxml2 -I/usr/include/libxml2 -I/usr/include/libxml2  -o xml_io.o -c xml_io.c
In file included from /usr/include/ruby-2.0.0/ruby.h:33:0,
                 from ./nokogiri.h:33,
                 from ./xml_io.h:4,
                 from xml_io.c:1:
/usr/include/ruby-2.0.0/ruby/ruby.h: 在函数‘rb_float_value’中:
/usr/include/ruby-2.0.0/ruby/ruby.h:777:41: 警告：负整数隐式转换为无符号类型 [-Wsign-conversion]
      t.v = RUBY_BIT_ROTR((2 - b63) | (v & ~0x03), 3);
                                         ^
/usr/include/ruby-2.0.0/ruby/ruby.h:761:32: 附注：in definition of macro ‘RUBY_BIT_ROTR’
 #define RUBY_BIT_ROTR(v, n) (((v) >> (n)) | ((v) << ((sizeof(v) * 8) - n)))
                                ^
/usr/include/ruby-2.0.0/ruby/ruby.h:777:41: 警告：负整数隐式转换为无符号类型 [-Wsign-conversion]
      t.v = RUBY_BIT_ROTR((2 - b63) | (v & ~0x03), 3);
                                         ^
/usr/include/ruby-2.0.0/ruby/ruby.h:761:47: 附注：in definition of macro ‘RUBY_BIT_ROTR’
 #define RUBY_BIT_ROTR(v, n) (((v) >> (n)) | ((v) << ((sizeof(v) * 8) - n)))
                                               ^
gcc -I. -I/usr/include/ruby-2.0.0 -I/usr/include/ruby-2.0.0/ruby/backward -I/usr/include/ruby-2.0.0 -I. -DHAVE_XMLPARSEDOC -DHAVE_XSLTPARSESTYLESHEETDOC -DHAVE_EXSLTFUNCREGISTER -DHAVE_XMLHASFEATURE -DHAVE_XMLFIRSTELEMENTCHILD -DHAVE_XMLRELAXNGSETPARSERSTRUCTUREDERRORS -DHAVE_XMLRELAXNGSETPARSERSTRUCTUREDERRORS -DHAVE_XMLRELAXNGSETVALIDSTRUCTUREDERRORS -DHAVE_XMLSCHEMASETVALIDSTRUCTUREDERRORS -DHAVE_XMLSCHEMASETPARSERSTRUCTUREDERRORS     -ggdb -O2 -pipe -Wimplicit-function-declaration    -g -DXP_UNIX -Wall -Wcast-qual -Wwrite-strings -Wconversion -Wmissing-noreturn -Winline -I/usr/include/libxml2 -I/usr/include/libxml2 -I/usr/include/libxml2  -o xml_libxml2_hacks.o -c xml_libxml2_hacks.c
gcc -I. -I/usr/include/ruby-2.0.0 -I/usr/include/ruby-2.0.0/ruby/backward -I/usr/include/ruby-2.0.0 -I. -DHAVE_XMLPARSEDOC -DHAVE_XSLTPARSESTYLESHEETDOC -DHAVE_EXSLTFUNCREGISTER -DHAVE_XMLHASFEATURE -DHAVE_XMLFIRSTELEMENTCHILD -DHAVE_XMLRELAXNGSETPARSERSTRUCTUREDERRORS -DHAVE_XMLRELAXNGSETPARSERSTRUCTUREDERRORS -DHAVE_XMLRELAXNGSETVALIDSTRUCTUREDERRORS -DHAVE_XMLSCHEMASETVALIDSTRUCTUREDERRORS -DHAVE_XMLSCHEMASETPARSERSTRUCTUREDERRORS     -ggdb -O2 -pipe -Wimplicit-function-declaration    -g -DXP_UNIX -Wall -Wcast-qual -Wwrite-strings -Wconversion -Wmissing-noreturn -Winline -I/usr/include/libxml2 -I/usr/include/libxml2 -I/usr/include/libxml2  -o xml_namespace.o -c xml_namespace.c
In file included from /usr/include/ruby-2.0.0/ruby.h:33:0,
                 from ./nokogiri.h:33,
                 from ./xml_namespace.h:4,
                 from xml_namespace.c:1:
/usr/include/ruby-2.0.0/ruby/ruby.h: 在函数‘rb_float_value’中:
/usr/include/ruby-2.0.0/ruby/ruby.h:777:41: 警告：负整数隐式转换为无符号类型 [-Wsign-conversion]
      t.v = RUBY_BIT_ROTR((2 - b63) | (v & ~0x03), 3);
                                         ^
/usr/include/ruby-2.0.0/ruby/ruby.h:761:32: 附注：in definition of macro ‘RUBY_BIT_ROTR’
 #define RUBY_BIT_ROTR(v, n) (((v) >> (n)) | ((v) << ((sizeof(v) * 8) - n)))
                                ^
/usr/include/ruby-2.0.0/ruby/ruby.h:777:41: 警告：负整数隐式转换为无符号类型 [-Wsign-conversion]
      t.v = RUBY_BIT_ROTR((2 - b63) | (v & ~0x03), 3);
                                         ^
/usr/include/ruby-2.0.0/ruby/ruby.h:761:47: 附注：in definition of macro ‘RUBY_BIT_ROTR’
 #define RUBY_BIT_ROTR(v, n) (((v) >> (n)) | ((v) << ((sizeof(v) * 8) - n)))
                                               ^
gcc -I. -I/usr/include/ruby-2.0.0 -I/usr/include/ruby-2.0.0/ruby/backward -I/usr/include/ruby-2.0.0 -I. -DHAVE_XMLPARSEDOC -DHAVE_XSLTPARSESTYLESHEETDOC -DHAVE_EXSLTFUNCREGISTER -DHAVE_XMLHASFEATURE -DHAVE_XMLFIRSTELEMENTCHILD -DHAVE_XMLRELAXNGSETPARSERSTRUCTUREDERRORS -DHAVE_XMLRELAXNGSETPARSERSTRUCTUREDERRORS -DHAVE_XMLRELAXNGSETVALIDSTRUCTUREDERRORS -DHAVE_XMLSCHEMASETVALIDSTRUCTUREDERRORS -DHAVE_XMLSCHEMASETPARSERSTRUCTUREDERRORS     -ggdb -O2 -pipe -Wimplicit-function-declaration    -g -DXP_UNIX -Wall -Wcast-qual -Wwrite-strings -Wconversion -Wmissing-noreturn -Winline -I/usr/include/libxml2 -I/usr/include/libxml2 -I/usr/include/libxml2  -o xml_node.o -c xml_node.c
In file included from /usr/include/ruby-2.0.0/ruby.h:33:0,
                 from ./nokogiri.h:33,
                 from ./xml_node.h:4,
                 from xml_node.c:1:
/usr/include/ruby-2.0.0/ruby/ruby.h: 在函数‘rb_float_value’中:
/usr/include/ruby-2.0.0/ruby/ruby.h:777:41: 警告：负整数隐式转换为无符号类型 [-Wsign-conversion]
      t.v = RUBY_BIT_ROTR((2 - b63) | (v & ~0x03), 3);
                                         ^
/usr/include/ruby-2.0.0/ruby/ruby.h:761:32: 附注：in definition of macro ‘RUBY_BIT_ROTR’
 #define RUBY_BIT_ROTR(v, n) (((v) >> (n)) | ((v) << ((sizeof(v) * 8) - n)))
                                ^
/usr/include/ruby-2.0.0/ruby/ruby.h:777:41: 警告：负整数隐式转换为无符号类型 [-Wsign-conversion]
      t.v = RUBY_BIT_ROTR((2 - b63) | (v & ~0x03), 3);
                                         ^
/usr/include/ruby-2.0.0/ruby/ruby.h:761:47: 附注：in definition of macro ‘RUBY_BIT_ROTR’
 #define RUBY_BIT_ROTR(v, n) (((v) >> (n)) | ((v) << ((sizeof(v) * 8) - n)))
                                               ^
xml_node.c: 在函数‘reparent_node_with’中:
xml_node.c:168:7: 警告：switch 没有处理枚举值‘XML_ATTRIBUTE_NODE’ [-Wswitch]
       switch (reparentee->type) {
       ^
xml_node.c:168:7: 警告：switch 没有处理枚举值‘XML_ENTITY_NODE’ [-Wswitch]
xml_node.c:168:7: 警告：switch 没有处理枚举值‘XML_DOCUMENT_NODE’ [-Wswitch]
xml_node.c:168:7: 警告：switch 没有处理枚举值‘XML_DOCUMENT_FRAG_NODE’ [-Wswitch]
xml_node.c:168:7: 警告：switch 没有处理枚举值‘XML_NOTATION_NODE’ [-Wswitch]
xml_node.c:168:7: 警告：switch 没有处理枚举值‘XML_HTML_DOCUMENT_NODE’ [-Wswitch]
xml_node.c:168:7: 警告：switch 没有处理枚举值‘XML_DTD_NODE’ [-Wswitch]
xml_node.c:168:7: 警告：switch 没有处理枚举值‘XML_ELEMENT_DECL’ [-Wswitch]
xml_node.c:168:7: 警告：switch 没有处理枚举值‘XML_ATTRIBUTE_DECL’ [-Wswitch]
xml_node.c:168:7: 警告：switch 没有处理枚举值‘XML_ENTITY_DECL’ [-Wswitch]
xml_node.c:168:7: 警告：switch 没有处理枚举值‘XML_NAMESPACE_DECL’ [-Wswitch]
xml_node.c:168:7: 警告：switch 没有处理枚举值‘XML_XINCLUDE_START’ [-Wswitch]
xml_node.c:168:7: 警告：switch 没有处理枚举值‘XML_XINCLUDE_END’ [-Wswitch]
xml_node.c:168:7: 警告：switch 没有处理枚举值‘XML_DOCB_DOCUMENT_NODE’ [-Wswitch]
xml_node.c:186:7: 警告：switch 没有处理枚举值‘XML_ATTRIBUTE_NODE’ [-Wswitch]
       switch (reparentee->type) {
       ^
xml_node.c:186:7: 警告：switch 没有处理枚举值‘XML_ENTITY_NODE’ [-Wswitch]
xml_node.c:186:7: 警告：switch 没有处理枚举值‘XML_DOCUMENT_NODE’ [-Wswitch]
xml_node.c:186:7: 警告：switch 没有处理枚举值‘XML_DOCUMENT_TYPE_NODE’ [-Wswitch]
xml_node.c:186:7: 警告：switch 没有处理枚举值‘XML_DOCUMENT_FRAG_NODE’ [-Wswitch]
xml_node.c:186:7: 警告：switch 没有处理枚举值‘XML_NOTATION_NODE’ [-Wswitch]
xml_node.c:186:7: 警告：switch 没有处理枚举值‘XML_HTML_DOCUMENT_NODE’ [-Wswitch]
xml_node.c:186:7: 警告：switch 没有处理枚举值‘XML_DTD_NODE’ [-Wswitch]
xml_node.c:186:7: 警告：switch 没有处理枚举值‘XML_ELEMENT_DECL’ [-Wswitch]
xml_node.c:186:7: 警告：switch 没有处理枚举值‘XML_ATTRIBUTE_DECL’ [-Wswitch]
xml_node.c:186:7: 警告：switch 没有处理枚举值‘XML_ENTITY_DECL’ [-Wswitch]
xml_node.c:186:7: 警告：switch 没有处理枚举值‘XML_NAMESPACE_DECL’ [-Wswitch]
xml_node.c:186:7: 警告：switch 没有处理枚举值‘XML_XINCLUDE_START’ [-Wswitch]
xml_node.c:186:7: 警告：switch 没有处理枚举值‘XML_XINCLUDE_END’ [-Wswitch]
xml_node.c:186:7: 警告：switch 没有处理枚举值‘XML_DOCB_DOCUMENT_NODE’ [-Wswitch]
xml_node.c:197:7: 警告：switch 没有处理枚举值‘XML_ELEMENT_NODE’ [-Wswitch]
       switch (reparentee->type) {
       ^
xml_node.c:197:7: 警告：switch 没有处理枚举值‘XML_ATTRIBUTE_NODE’ [-Wswitch]
xml_node.c:197:7: 警告：switch 没有处理枚举值‘XML_CDATA_SECTION_NODE’ [-Wswitch]
xml_node.c:197:7: 警告：switch 没有处理枚举值‘XML_ENTITY_NODE’ [-Wswitch]
xml_node.c:197:7: 警告：switch 没有处理枚举值‘XML_PI_NODE’ [-Wswitch]
xml_node.c:197:7: 警告：switch 没有处理枚举值‘XML_COMMENT_NODE’ [-Wswitch]
xml_node.c:197:7: 警告：switch 没有处理枚举值‘XML_DOCUMENT_NODE’ [-Wswitch]
xml_node.c:197:7: 警告：switch 没有处理枚举值‘XML_DOCUMENT_TYPE_NODE’ [-Wswitch]
xml_node.c:197:7: 警告：switch 没有处理枚举值‘XML_DOCUMENT_FRAG_NODE’ [-Wswitch]
xml_node.c:197:7: 警告：switch 没有处理枚举值‘XML_NOTATION_NODE’ [-Wswitch]
xml_node.c:197:7: 警告：switch 没有处理枚举值‘XML_HTML_DOCUMENT_NODE’ [-Wswitch]
xml_node.c:197:7: 警告：switch 没有处理枚举值‘XML_DTD_NODE’ [-Wswitch]
xml_node.c:197:7: 警告：switch 没有处理枚举值‘XML_ELEMENT_DECL’ [-Wswitch]
xml_node.c:197:7: 警告：switch 没有处理枚举值‘XML_ATTRIBUTE_DECL’ [-Wswitch]
xml_node.c:197:7: 警告：switch 没有处理枚举值‘XML_ENTITY_DECL’ [-Wswitch]
xml_node.c:197:7: 警告：switch 没有处理枚举值‘XML_NAMESPACE_DECL’ [-Wswitch]
xml_node.c:197:7: 警告：switch 没有处理枚举值‘XML_XINCLUDE_START’ [-Wswitch]
xml_node.c:197:7: 警告：switch 没有处理枚举值‘XML_XINCLUDE_END’ [-Wswitch]
xml_node.c:197:7: 警告：switch 没有处理枚举值‘XML_DOCB_DOCUMENT_NODE’ [-Wswitch]
xml_node.c:165:5: 警告：switch 没有处理枚举值‘XML_CDATA_SECTION_NODE’ [-Wswitch]
     switch (parent->type) {
     ^
xml_node.c:165:5: 警告：switch 没有处理枚举值‘XML_ENTITY_NODE’ [-Wswitch]
xml_node.c:165:5: 警告：switch 没有处理枚举值‘XML_PI_NODE’ [-Wswitch]
xml_node.c:165:5: 警告：switch 没有处理枚举值‘XML_COMMENT_NODE’ [-Wswitch]
xml_node.c:165:5: 警告：switch 没有处理枚举值‘XML_DOCUMENT_TYPE_NODE’ [-Wswitch]
xml_node.c:165:5: 警告：switch 没有处理枚举值‘XML_NOTATION_NODE’ [-Wswitch]
xml_node.c:165:5: 警告：switch 没有处理枚举值‘XML_DTD_NODE’ [-Wswitch]
xml_node.c:165:5: 警告：switch 没有处理枚举值‘XML_ELEMENT_DECL’ [-Wswitch]
xml_node.c:165:5: 警告：switch 没有处理枚举值‘XML_ATTRIBUTE_DECL’ [-Wswitch]
xml_node.c:165:5: 警告：switch 没有处理枚举值‘XML_ENTITY_DECL’ [-Wswitch]
xml_node.c:165:5: 警告：switch 没有处理枚举值‘XML_NAMESPACE_DECL’ [-Wswitch]
xml_node.c:165:5: 警告：switch 没有处理枚举值‘XML_XINCLUDE_START’ [-Wswitch]
xml_node.c:165:5: 警告：switch 没有处理枚举值‘XML_XINCLUDE_END’ [-Wswitch]
xml_node.c:165:5: 警告：switch 没有处理枚举值‘XML_DOCB_DOCUMENT_NODE’ [-Wswitch]
gcc -I. -I/usr/include/ruby-2.0.0 -I/usr/include/ruby-2.0.0/ruby/backward -I/usr/include/ruby-2.0.0 -I. -DHAVE_XMLPARSEDOC -DHAVE_XSLTPARSESTYLESHEETDOC -DHAVE_EXSLTFUNCREGISTER -DHAVE_XMLHASFEATURE -DHAVE_XMLFIRSTELEMENTCHILD -DHAVE_XMLRELAXNGSETPARSERSTRUCTUREDERRORS -DHAVE_XMLRELAXNGSETPARSERSTRUCTUREDERRORS -DHAVE_XMLRELAXNGSETVALIDSTRUCTUREDERRORS -DHAVE_XMLSCHEMASETVALIDSTRUCTUREDERRORS -DHAVE_XMLSCHEMASETPARSERSTRUCTUREDERRORS     -ggdb -O2 -pipe -Wimplicit-function-declaration    -g -DXP_UNIX -Wall -Wcast-qual -Wwrite-strings -Wconversion -Wmissing-noreturn -Winline -I/usr/include/libxml2 -I/usr/include/libxml2 -I/usr/include/libxml2  -o xml_node_set.o -c xml_node_set.c
In file included from /usr/include/ruby-2.0.0/ruby.h:33:0,
                 from ./nokogiri.h:33,
                 from ./xml_node_set.h:4,
                 from xml_node_set.c:1:
/usr/include/ruby-2.0.0/ruby/ruby.h: 在函数‘rb_float_value’中:
/usr/include/ruby-2.0.0/ruby/ruby.h:777:41: 警告：负整数隐式转换为无符号类型 [-Wsign-conversion]
      t.v = RUBY_BIT_ROTR((2 - b63) | (v & ~0x03), 3);
                                         ^
/usr/include/ruby-2.0.0/ruby/ruby.h:761:32: 附注：in definition of macro ‘RUBY_BIT_ROTR’
 #define RUBY_BIT_ROTR(v, n) (((v) >> (n)) | ((v) << ((sizeof(v) * 8) - n)))
                                ^
/usr/include/ruby-2.0.0/ruby/ruby.h:777:41: 警告：负整数隐式转换为无符号类型 [-Wsign-conversion]
      t.v = RUBY_BIT_ROTR((2 - b63) | (v & ~0x03), 3);
                                         ^
/usr/include/ruby-2.0.0/ruby/ruby.h:761:47: 附注：in definition of macro ‘RUBY_BIT_ROTR’
 #define RUBY_BIT_ROTR(v, n) (((v) >> (n)) | ((v) << ((sizeof(v) * 8) - n)))
                                               ^
xml_node_set.c: 在函数‘dealloc_namespace’中:
xml_node_set.c:9:13: 警告：cast discards ‘const’ qualifier from pointer target type [-Wcast-qual]
     xmlFree((xmlChar *)ns->href);
             ^
xml_node_set.c:11:13: 警告：cast discards ‘const’ qualifier from pointer target type [-Wcast-qual]
     xmlFree((xmlChar *)ns->prefix);
             ^
gcc -I. -I/usr/include/ruby-2.0.0 -I/usr/include/ruby-2.0.0/ruby/backward -I/usr/include/ruby-2.0.0 -I. -DHAVE_XMLPARSEDOC -DHAVE_XSLTPARSESTYLESHEETDOC -DHAVE_EXSLTFUNCREGISTER -DHAVE_XMLHASFEATURE -DHAVE_XMLFIRSTELEMENTCHILD -DHAVE_XMLRELAXNGSETPARSERSTRUCTUREDERRORS -DHAVE_XMLRELAXNGSETPARSERSTRUCTUREDERRORS -DHAVE_XMLRELAXNGSETVALIDSTRUCTUREDERRORS -DHAVE_XMLSCHEMASETVALIDSTRUCTUREDERRORS -DHAVE_XMLSCHEMASETPARSERSTRUCTUREDERRORS     -ggdb -O2 -pipe -Wimplicit-function-declaration    -g -DXP_UNIX -Wall -Wcast-qual -Wwrite-strings -Wconversion -Wmissing-noreturn -Winline -I/usr/include/libxml2 -I/usr/include/libxml2 -I/usr/include/libxml2  -o xml_processing_instruction.o -c xml_processing_instruction.c
In file included from /usr/include/ruby-2.0.0/ruby.h:33:0,
                 from ./nokogiri.h:33,
                 from ./xml_processing_instruction.h:4,
                 from xml_processing_instruction.c:1:
/usr/include/ruby-2.0.0/ruby/ruby.h: 在函数‘rb_float_value’中:
/usr/include/ruby-2.0.0/ruby/ruby.h:777:41: 警告：负整数隐式转换为无符号类型 [-Wsign-conversion]
      t.v = RUBY_BIT_ROTR((2 - b63) | (v & ~0x03), 3);
                                         ^
/usr/include/ruby-2.0.0/ruby/ruby.h:761:32: 附注：in definition of macro ‘RUBY_BIT_ROTR’
 #define RUBY_BIT_ROTR(v, n) (((v) >> (n)) | ((v) << ((sizeof(v) * 8) - n)))
                                ^
/usr/include/ruby-2.0.0/ruby/ruby.h:777:41: 警告：负整数隐式转换为无符号类型 [-Wsign-conversion]
      t.v = RUBY_BIT_ROTR((2 - b63) | (v & ~0x03), 3);
                                         ^
/usr/include/ruby-2.0.0/ruby/ruby.h:761:47: 附注：in definition of macro ‘RUBY_BIT_ROTR’
 #define RUBY_BIT_ROTR(v, n) (((v) >> (n)) | ((v) << ((sizeof(v) * 8) - n)))
                                               ^
gcc -I. -I/usr/include/ruby-2.0.0 -I/usr/include/ruby-2.0.0/ruby/backward -I/usr/include/ruby-2.0.0 -I. -DHAVE_XMLPARSEDOC -DHAVE_XSLTPARSESTYLESHEETDOC -DHAVE_EXSLTFUNCREGISTER -DHAVE_XMLHASFEATURE -DHAVE_XMLFIRSTELEMENTCHILD -DHAVE_XMLRELAXNGSETPARSERSTRUCTUREDERRORS -DHAVE_XMLRELAXNGSETPARSERSTRUCTUREDERRORS -DHAVE_XMLRELAXNGSETVALIDSTRUCTUREDERRORS -DHAVE_XMLSCHEMASETVALIDSTRUCTUREDERRORS -DHAVE_XMLSCHEMASETPARSERSTRUCTUREDERRORS     -ggdb -O2 -pipe -Wimplicit-function-declaration    -g -DXP_UNIX -Wall -Wcast-qual -Wwrite-strings -Wconversion -Wmissing-noreturn -Winline -I/usr/include/libxml2 -I/usr/include/libxml2 -I/usr/include/libxml2  -o xml_reader.o -c xml_reader.c
In file included from /usr/include/ruby-2.0.0/ruby.h:33:0,
                 from ./nokogiri.h:33,
                 from ./xml_reader.h:4,
                 from xml_reader.c:1:
/usr/include/ruby-2.0.0/ruby/ruby.h: 在函数‘rb_float_value’中:
/usr/include/ruby-2.0.0/ruby/ruby.h:777:41: 警告：负整数隐式转换为无符号类型 [-Wsign-conversion]
      t.v = RUBY_BIT_ROTR((2 - b63) | (v & ~0x03), 3);
                                         ^
/usr/include/ruby-2.0.0/ruby/ruby.h:761:32: 附注：in definition of macro ‘RUBY_BIT_ROTR’
 #define RUBY_BIT_ROTR(v, n) (((v) >> (n)) | ((v) << ((sizeof(v) * 8) - n)))
                                ^
/usr/include/ruby-2.0.0/ruby/ruby.h:777:41: 警告：负整数隐式转换为无符号类型 [-Wsign-conversion]
      t.v = RUBY_BIT_ROTR((2 - b63) | (v & ~0x03), 3);
                                         ^
/usr/include/ruby-2.0.0/ruby/ruby.h:761:47: 附注：in definition of macro ‘RUBY_BIT_ROTR’
 #define RUBY_BIT_ROTR(v, n) (((v) >> (n)) | ((v) << ((sizeof(v) * 8) - n)))
                                               ^
gcc -I. -I/usr/include/ruby-2.0.0 -I/usr/include/ruby-2.0.0/ruby/backward -I/usr/include/ruby-2.0.0 -I. -DHAVE_XMLPARSEDOC -DHAVE_XSLTPARSESTYLESHEETDOC -DHAVE_EXSLTFUNCREGISTER -DHAVE_XMLHASFEATURE -DHAVE_XMLFIRSTELEMENTCHILD -DHAVE_XMLRELAXNGSETPARSERSTRUCTUREDERRORS -DHAVE_XMLRELAXNGSETPARSERSTRUCTUREDERRORS -DHAVE_XMLRELAXNGSETVALIDSTRUCTUREDERRORS -DHAVE_XMLSCHEMASETVALIDSTRUCTUREDERRORS -DHAVE_XMLSCHEMASETPARSERSTRUCTUREDERRORS     -ggdb -O2 -pipe -Wimplicit-function-declaration    -g -DXP_UNIX -Wall -Wcast-qual -Wwrite-strings -Wconversion -Wmissing-noreturn -Winline -I/usr/include/libxml2 -I/usr/include/libxml2 -I/usr/include/libxml2  -o xml_relax_ng.o -c xml_relax_ng.c
In file included from /usr/include/ruby-2.0.0/ruby.h:33:0,
                 from ./nokogiri.h:33,
                 from ./xml_relax_ng.h:4,
                 from xml_relax_ng.c:1:
/usr/include/ruby-2.0.0/ruby/ruby.h: 在函数‘rb_float_value’中:
/usr/include/ruby-2.0.0/ruby/ruby.h:777:41: 警告：负整数隐式转换为无符号类型 [-Wsign-conversion]
      t.v = RUBY_BIT_ROTR((2 - b63) | (v & ~0x03), 3);
                                         ^
/usr/include/ruby-2.0.0/ruby/ruby.h:761:32: 附注：in definition of macro ‘RUBY_BIT_ROTR’
 #define RUBY_BIT_ROTR(v, n) (((v) >> (n)) | ((v) << ((sizeof(v) * 8) - n)))
                                ^
/usr/include/ruby-2.0.0/ruby/ruby.h:777:41: 警告：负整数隐式转换为无符号类型 [-Wsign-conversion]
      t.v = RUBY_BIT_ROTR((2 - b63) | (v & ~0x03), 3);
                                         ^
/usr/include/ruby-2.0.0/ruby/ruby.h:761:47: 附注：in definition of macro ‘RUBY_BIT_ROTR’
 #define RUBY_BIT_ROTR(v, n) (((v) >> (n)) | ((v) << ((sizeof(v) * 8) - n)))
                                               ^
gcc -I. -I/usr/include/ruby-2.0.0 -I/usr/include/ruby-2.0.0/ruby/backward -I/usr/include/ruby-2.0.0 -I. -DHAVE_XMLPARSEDOC -DHAVE_XSLTPARSESTYLESHEETDOC -DHAVE_EXSLTFUNCREGISTER -DHAVE_XMLHASFEATURE -DHAVE_XMLFIRSTELEMENTCHILD -DHAVE_XMLRELAXNGSETPARSERSTRUCTUREDERRORS -DHAVE_XMLRELAXNGSETPARSERSTRUCTUREDERRORS -DHAVE_XMLRELAXNGSETVALIDSTRUCTUREDERRORS -DHAVE_XMLSCHEMASETVALIDSTRUCTUREDERRORS -DHAVE_XMLSCHEMASETPARSERSTRUCTUREDERRORS     -ggdb -O2 -pipe -Wimplicit-function-declaration    -g -DXP_UNIX -Wall -Wcast-qual -Wwrite-strings -Wconversion -Wmissing-noreturn -Winline -I/usr/include/libxml2 -I/usr/include/libxml2 -I/usr/include/libxml2  -o xml_sax_parser.o -c xml_sax_parser.c
In file included from /usr/include/ruby-2.0.0/ruby.h:33:0,
                 from ./nokogiri.h:33,
                 from ./xml_sax_parser.h:4,
                 from xml_sax_parser.c:1:
/usr/include/ruby-2.0.0/ruby/ruby.h: 在函数‘rb_float_value’中:
/usr/include/ruby-2.0.0/ruby/ruby.h:777:41: 警告：负整数隐式转换为无符号类型 [-Wsign-conversion]
      t.v = RUBY_BIT_ROTR((2 - b63) | (v & ~0x03), 3);
                                         ^
/usr/include/ruby-2.0.0/ruby/ruby.h:761:32: 附注：in definition of macro ‘RUBY_BIT_ROTR’
 #define RUBY_BIT_ROTR(v, n) (((v) >> (n)) | ((v) << ((sizeof(v) * 8) - n)))
                                ^
/usr/include/ruby-2.0.0/ruby/ruby.h:777:41: 警告：负整数隐式转换为无符号类型 [-Wsign-conversion]
      t.v = RUBY_BIT_ROTR((2 - b63) | (v & ~0x03), 3);
                                         ^
/usr/include/ruby-2.0.0/ruby/ruby.h:761:47: 附注：in definition of macro ‘RUBY_BIT_ROTR’
 #define RUBY_BIT_ROTR(v, n) (((v) >> (n)) | ((v) << ((sizeof(v) * 8) - n)))
                                               ^
gcc -I. -I/usr/include/ruby-2.0.0 -I/usr/include/ruby-2.0.0/ruby/backward -I/usr/include/ruby-2.0.0 -I. -DHAVE_XMLPARSEDOC -DHAVE_XSLTPARSESTYLESHEETDOC -DHAVE_EXSLTFUNCREGISTER -DHAVE_XMLHASFEATURE -DHAVE_XMLFIRSTELEMENTCHILD -DHAVE_XMLRELAXNGSETPARSERSTRUCTUREDERRORS -DHAVE_XMLRELAXNGSETPARSERSTRUCTUREDERRORS -DHAVE_XMLRELAXNGSETVALIDSTRUCTUREDERRORS -DHAVE_XMLSCHEMASETVALIDSTRUCTUREDERRORS -DHAVE_XMLSCHEMASETPARSERSTRUCTUREDERRORS     -ggdb -O2 -pipe -Wimplicit-function-declaration    -g -DXP_UNIX -Wall -Wcast-qual -Wwrite-strings -Wconversion -Wmissing-noreturn -Winline -I/usr/include/libxml2 -I/usr/include/libxml2 -I/usr/include/libxml2  -o xml_sax_parser_context.o -c xml_sax_parser_context.c
In file included from /usr/include/ruby-2.0.0/ruby.h:33:0,
                 from ./nokogiri.h:33,
                 from ./xml_sax_parser_context.h:4,
                 from xml_sax_parser_context.c:1:
/usr/include/ruby-2.0.0/ruby/ruby.h: 在函数‘rb_float_value’中:
/usr/include/ruby-2.0.0/ruby/ruby.h:777:41: 警告：负整数隐式转换为无符号类型 [-Wsign-conversion]
      t.v = RUBY_BIT_ROTR((2 - b63) | (v & ~0x03), 3);
                                         ^
/usr/include/ruby-2.0.0/ruby/ruby.h:761:32: 附注：in definition of macro ‘RUBY_BIT_ROTR’
 #define RUBY_BIT_ROTR(v, n) (((v) >> (n)) | ((v) << ((sizeof(v) * 8) - n)))
                                ^
/usr/include/ruby-2.0.0/ruby/ruby.h:777:41: 警告：负整数隐式转换为无符号类型 [-Wsign-conversion]
      t.v = RUBY_BIT_ROTR((2 - b63) | (v & ~0x03), 3);
                                         ^
/usr/include/ruby-2.0.0/ruby/ruby.h:761:47: 附注：in definition of macro ‘RUBY_BIT_ROTR’
 #define RUBY_BIT_ROTR(v, n) (((v) >> (n)) | ((v) << ((sizeof(v) * 8) - n)))
                                               ^
gcc -I. -I/usr/include/ruby-2.0.0 -I/usr/include/ruby-2.0.0/ruby/backward -I/usr/include/ruby-2.0.0 -I. -DHAVE_XMLPARSEDOC -DHAVE_XSLTPARSESTYLESHEETDOC -DHAVE_EXSLTFUNCREGISTER -DHAVE_XMLHASFEATURE -DHAVE_XMLFIRSTELEMENTCHILD -DHAVE_XMLRELAXNGSETPARSERSTRUCTUREDERRORS -DHAVE_XMLRELAXNGSETPARSERSTRUCTUREDERRORS -DHAVE_XMLRELAXNGSETVALIDSTRUCTUREDERRORS -DHAVE_XMLSCHEMASETVALIDSTRUCTUREDERRORS -DHAVE_XMLSCHEMASETPARSERSTRUCTUREDERRORS     -ggdb -O2 -pipe -Wimplicit-function-declaration    -g -DXP_UNIX -Wall -Wcast-qual -Wwrite-strings -Wconversion -Wmissing-noreturn -Winline -I/usr/include/libxml2 -I/usr/include/libxml2 -I/usr/include/libxml2  -o xml_sax_push_parser.o -c xml_sax_push_parser.c
In file included from /usr/include/ruby-2.0.0/ruby.h:33:0,
                 from ./nokogiri.h:33,
                 from ./xml_sax_push_parser.h:4,
                 from xml_sax_push_parser.c:1:
/usr/include/ruby-2.0.0/ruby/ruby.h: 在函数‘rb_float_value’中:
/usr/include/ruby-2.0.0/ruby/ruby.h:777:41: 警告：负整数隐式转换为无符号类型 [-Wsign-conversion]
      t.v = RUBY_BIT_ROTR((2 - b63) | (v & ~0x03), 3);
                                         ^
/usr/include/ruby-2.0.0/ruby/ruby.h:761:32: 附注：in definition of macro ‘RUBY_BIT_ROTR’
 #define RUBY_BIT_ROTR(v, n) (((v) >> (n)) | ((v) << ((sizeof(v) * 8) - n)))
                                ^
/usr/include/ruby-2.0.0/ruby/ruby.h:777:41: 警告：负整数隐式转换为无符号类型 [-Wsign-conversion]
      t.v = RUBY_BIT_ROTR((2 - b63) | (v & ~0x03), 3);
                                         ^
/usr/include/ruby-2.0.0/ruby/ruby.h:761:47: 附注：in definition of macro ‘RUBY_BIT_ROTR’
 #define RUBY_BIT_ROTR(v, n) (((v) >> (n)) | ((v) << ((sizeof(v) * 8) - n)))
                                               ^
gcc -I. -I/usr/include/ruby-2.0.0 -I/usr/include/ruby-2.0.0/ruby/backward -I/usr/include/ruby-2.0.0 -I. -DHAVE_XMLPARSEDOC -DHAVE_XSLTPARSESTYLESHEETDOC -DHAVE_EXSLTFUNCREGISTER -DHAVE_XMLHASFEATURE -DHAVE_XMLFIRSTELEMENTCHILD -DHAVE_XMLRELAXNGSETPARSERSTRUCTUREDERRORS -DHAVE_XMLRELAXNGSETPARSERSTRUCTUREDERRORS -DHAVE_XMLRELAXNGSETVALIDSTRUCTUREDERRORS -DHAVE_XMLSCHEMASETVALIDSTRUCTUREDERRORS -DHAVE_XMLSCHEMASETPARSERSTRUCTUREDERRORS     -ggdb -O2 -pipe -Wimplicit-function-declaration    -g -DXP_UNIX -Wall -Wcast-qual -Wwrite-strings -Wconversion -Wmissing-noreturn -Winline -I/usr/include/libxml2 -I/usr/include/libxml2 -I/usr/include/libxml2  -o xml_schema.o -c xml_schema.c
In file included from /usr/include/ruby-2.0.0/ruby.h:33:0,
                 from ./nokogiri.h:33,
                 from ./xml_schema.h:4,
                 from xml_schema.c:1:
/usr/include/ruby-2.0.0/ruby/ruby.h: 在函数‘rb_float_value’中:
/usr/include/ruby-2.0.0/ruby/ruby.h:777:41: 警告：负整数隐式转换为无符号类型 [-Wsign-conversion]
      t.v = RUBY_BIT_ROTR((2 - b63) | (v & ~0x03), 3);
                                         ^
/usr/include/ruby-2.0.0/ruby/ruby.h:761:32: 附注：in definition of macro ‘RUBY_BIT_ROTR’
 #define RUBY_BIT_ROTR(v, n) (((v) >> (n)) | ((v) << ((sizeof(v) * 8) - n)))
                                ^
/usr/include/ruby-2.0.0/ruby/ruby.h:777:41: 警告：负整数隐式转换为无符号类型 [-Wsign-conversion]
      t.v = RUBY_BIT_ROTR((2 - b63) | (v & ~0x03), 3);
                                         ^
/usr/include/ruby-2.0.0/ruby/ruby.h:761:47: 附注：in definition of macro ‘RUBY_BIT_ROTR’
 #define RUBY_BIT_ROTR(v, n) (((v) >> (n)) | ((v) << ((sizeof(v) * 8) - n)))
                                               ^
gcc -I. -I/usr/include/ruby-2.0.0 -I/usr/include/ruby-2.0.0/ruby/backward -I/usr/include/ruby-2.0.0 -I. -DHAVE_XMLPARSEDOC -DHAVE_XSLTPARSESTYLESHEETDOC -DHAVE_EXSLTFUNCREGISTER -DHAVE_XMLHASFEATURE -DHAVE_XMLFIRSTELEMENTCHILD -DHAVE_XMLRELAXNGSETPARSERSTRUCTUREDERRORS -DHAVE_XMLRELAXNGSETPARSERSTRUCTUREDERRORS -DHAVE_XMLRELAXNGSETVALIDSTRUCTUREDERRORS -DHAVE_XMLSCHEMASETVALIDSTRUCTUREDERRORS -DHAVE_XMLSCHEMASETPARSERSTRUCTUREDERRORS     -ggdb -O2 -pipe -Wimplicit-function-declaration    -g -DXP_UNIX -Wall -Wcast-qual -Wwrite-strings -Wconversion -Wmissing-noreturn -Winline -I/usr/include/libxml2 -I/usr/include/libxml2 -I/usr/include/libxml2  -o xml_syntax_error.o -c xml_syntax_error.c
In file included from /usr/include/ruby-2.0.0/ruby.h:33:0,
                 from ./nokogiri.h:33,
                 from ./xml_syntax_error.h:4,
                 from xml_syntax_error.c:1:
/usr/include/ruby-2.0.0/ruby/ruby.h: 在函数‘rb_float_value’中:
/usr/include/ruby-2.0.0/ruby/ruby.h:777:41: 警告：负整数隐式转换为无符号类型 [-Wsign-conversion]
      t.v = RUBY_BIT_ROTR((2 - b63) | (v & ~0x03), 3);
                                         ^
/usr/include/ruby-2.0.0/ruby/ruby.h:761:32: 附注：in definition of macro ‘RUBY_BIT_ROTR’
 #define RUBY_BIT_ROTR(v, n) (((v) >> (n)) | ((v) << ((sizeof(v) * 8) - n)))
                                ^
/usr/include/ruby-2.0.0/ruby/ruby.h:777:41: 警告：负整数隐式转换为无符号类型 [-Wsign-conversion]
      t.v = RUBY_BIT_ROTR((2 - b63) | (v & ~0x03), 3);
                                         ^
/usr/include/ruby-2.0.0/ruby/ruby.h:761:47: 附注：in definition of macro ‘RUBY_BIT_ROTR’
 #define RUBY_BIT_ROTR(v, n) (((v) >> (n)) | ((v) << ((sizeof(v) * 8) - n)))
                                               ^
gcc -I. -I/usr/include/ruby-2.0.0 -I/usr/include/ruby-2.0.0/ruby/backward -I/usr/include/ruby-2.0.0 -I. -DHAVE_XMLPARSEDOC -DHAVE_XSLTPARSESTYLESHEETDOC -DHAVE_EXSLTFUNCREGISTER -DHAVE_XMLHASFEATURE -DHAVE_XMLFIRSTELEMENTCHILD -DHAVE_XMLRELAXNGSETPARSERSTRUCTUREDERRORS -DHAVE_XMLRELAXNGSETPARSERSTRUCTUREDERRORS -DHAVE_XMLRELAXNGSETVALIDSTRUCTUREDERRORS -DHAVE_XMLSCHEMASETVALIDSTRUCTUREDERRORS -DHAVE_XMLSCHEMASETPARSERSTRUCTUREDERRORS     -ggdb -O2 -pipe -Wimplicit-function-declaration    -g -DXP_UNIX -Wall -Wcast-qual -Wwrite-strings -Wconversion -Wmissing-noreturn -Winline -I/usr/include/libxml2 -I/usr/include/libxml2 -I/usr/include/libxml2  -o xml_text.o -c xml_text.c
In file included from /usr/include/ruby-2.0.0/ruby.h:33:0,
                 from ./nokogiri.h:33,
                 from ./xml_text.h:4,
                 from xml_text.c:1:
/usr/include/ruby-2.0.0/ruby/ruby.h: 在函数‘rb_float_value’中:
/usr/include/ruby-2.0.0/ruby/ruby.h:777:41: 警告：负整数隐式转换为无符号类型 [-Wsign-conversion]
      t.v = RUBY_BIT_ROTR((2 - b63) | (v & ~0x03), 3);
                                         ^
/usr/include/ruby-2.0.0/ruby/ruby.h:761:32: 附注：in definition of macro ‘RUBY_BIT_ROTR’
 #define RUBY_BIT_ROTR(v, n) (((v) >> (n)) | ((v) << ((sizeof(v) * 8) - n)))
                                ^
/usr/include/ruby-2.0.0/ruby/ruby.h:777:41: 警告：负整数隐式转换为无符号类型 [-Wsign-conversion]
      t.v = RUBY_BIT_ROTR((2 - b63) | (v & ~0x03), 3);
                                         ^
/usr/include/ruby-2.0.0/ruby/ruby.h:761:47: 附注：in definition of macro ‘RUBY_BIT_ROTR’
 #define RUBY_BIT_ROTR(v, n) (((v) >> (n)) | ((v) << ((sizeof(v) * 8) - n)))
                                               ^
gcc -I. -I/usr/include/ruby-2.0.0 -I/usr/include/ruby-2.0.0/ruby/backward -I/usr/include/ruby-2.0.0 -I. -DHAVE_XMLPARSEDOC -DHAVE_XSLTPARSESTYLESHEETDOC -DHAVE_EXSLTFUNCREGISTER -DHAVE_XMLHASFEATURE -DHAVE_XMLFIRSTELEMENTCHILD -DHAVE_XMLRELAXNGSETPARSERSTRUCTUREDERRORS -DHAVE_XMLRELAXNGSETPARSERSTRUCTUREDERRORS -DHAVE_XMLRELAXNGSETVALIDSTRUCTUREDERRORS -DHAVE_XMLSCHEMASETVALIDSTRUCTUREDERRORS -DHAVE_XMLSCHEMASETPARSERSTRUCTUREDERRORS     -ggdb -O2 -pipe -Wimplicit-function-declaration    -g -DXP_UNIX -Wall -Wcast-qual -Wwrite-strings -Wconversion -Wmissing-noreturn -Winline -I/usr/include/libxml2 -I/usr/include/libxml2 -I/usr/include/libxml2  -o xml_xpath_context.o -c xml_xpath_context.c
In file included from /usr/include/ruby-2.0.0/ruby.h:33:0,
                 from ./nokogiri.h:33,
                 from ./xml_xpath_context.h:4,
                 from xml_xpath_context.c:1:
/usr/include/ruby-2.0.0/ruby/ruby.h: 在函数‘rb_float_value’中:
/usr/include/ruby-2.0.0/ruby/ruby.h:777:41: 警告：负整数隐式转换为无符号类型 [-Wsign-conversion]
      t.v = RUBY_BIT_ROTR((2 - b63) | (v & ~0x03), 3);
                                         ^
/usr/include/ruby-2.0.0/ruby/ruby.h:761:32: 附注：in definition of macro ‘RUBY_BIT_ROTR’
 #define RUBY_BIT_ROTR(v, n) (((v) >> (n)) | ((v) << ((sizeof(v) * 8) - n)))
                                ^
/usr/include/ruby-2.0.0/ruby/ruby.h:777:41: 警告：负整数隐式转换为无符号类型 [-Wsign-conversion]
      t.v = RUBY_BIT_ROTR((2 - b63) | (v & ~0x03), 3);
                                         ^
/usr/include/ruby-2.0.0/ruby/ruby.h:761:47: 附注：in definition of macro ‘RUBY_BIT_ROTR’
 #define RUBY_BIT_ROTR(v, n) (((v) >> (n)) | ((v) << ((sizeof(v) * 8) - n)))
                                               ^
gcc -I. -I/usr/include/ruby-2.0.0 -I/usr/include/ruby-2.0.0/ruby/backward -I/usr/include/ruby-2.0.0 -I. -DHAVE_XMLPARSEDOC -DHAVE_XSLTPARSESTYLESHEETDOC -DHAVE_EXSLTFUNCREGISTER -DHAVE_XMLHASFEATURE -DHAVE_XMLFIRSTELEMENTCHILD -DHAVE_XMLRELAXNGSETPARSERSTRUCTUREDERRORS -DHAVE_XMLRELAXNGSETPARSERSTRUCTUREDERRORS -DHAVE_XMLRELAXNGSETVALIDSTRUCTUREDERRORS -DHAVE_XMLSCHEMASETVALIDSTRUCTUREDERRORS -DHAVE_XMLSCHEMASETPARSERSTRUCTUREDERRORS     -ggdb -O2 -pipe -Wimplicit-function-declaration    -g -DXP_UNIX -Wall -Wcast-qual -Wwrite-strings -Wconversion -Wmissing-noreturn -Winline -I/usr/include/libxml2 -I/usr/include/libxml2 -I/usr/include/libxml2  -o xslt_stylesheet.o -c xslt_stylesheet.c
In file included from /usr/include/ruby-2.0.0/ruby.h:33:0,
                 from ./nokogiri.h:33,
                 from ./xslt_stylesheet.h:4,
                 from xslt_stylesheet.c:1:
/usr/include/ruby-2.0.0/ruby/ruby.h: 在函数‘rb_float_value’中:
/usr/include/ruby-2.0.0/ruby/ruby.h:777:41: 警告：负整数隐式转换为无符号类型 [-Wsign-conversion]
      t.v = RUBY_BIT_ROTR((2 - b63) | (v & ~0x03), 3);
                                         ^
/usr/include/ruby-2.0.0/ruby/ruby.h:761:32: 附注：in definition of macro ‘RUBY_BIT_ROTR’
 #define RUBY_BIT_ROTR(v, n) (((v) >> (n)) | ((v) << ((sizeof(v) * 8) - n)))
                                ^
/usr/include/ruby-2.0.0/ruby/ruby.h:777:41: 警告：负整数隐式转换为无符号类型 [-Wsign-conversion]
      t.v = RUBY_BIT_ROTR((2 - b63) | (v & ~0x03), 3);
                                         ^
/usr/include/ruby-2.0.0/ruby/ruby.h:761:47: 附注：in definition of macro ‘RUBY_BIT_ROTR’
 #define RUBY_BIT_ROTR(v, n) (((v) >> (n)) | ((v) << ((sizeof(v) * 8) - n)))
                                               ^
rm -f nokogiri.so
gcc -shared -o nokogiri.so html_document.o html_element_description.o html_entity_lookup.o html_sax_parser_context.o html_sax_push_parser.o nokogiri.o xml_attr.o xml_attribute_decl.o xml_cdata.o xml_comment.o xml_document.o xml_document_fragment.o xml_dtd.o xml_element_content.o xml_element_decl.o xml_encoding_handler.o xml_entity_decl.o xml_entity_reference.o xml_io.o xml_libxml2_hacks.o xml_namespace.o xml_node.o xml_node_set.o xml_processing_instruction.o xml_reader.o xml_relax_ng.o xml_sax_parser.o xml_sax_parser_context.o xml_sax_push_parser.o xml_schema.o xml_syntax_error.o xml_text.o xml_xpath_context.o xslt_stylesheet.o -L. -L/usr/lib -L. -fstack-protector    -Wl,--export-all-symbols -Wl,--enable-auto-image-base,--enable-auto-import    -lruby200  -lxml2 -lz -llzma -liconv -lm -lxslt -lxml2 -lz -liconv -lm -lxml2 -lz -llzma -liconv -lm -lexslt -lxslt -lxml2 -lz -liconv -lm -lgcrypt -lgpg-error -lxml2 -lz -llzma -liconv -lm -lpthread -lrt -ldl -lcrypt   
/usr/bin/ruby ./extconf.rb --clean --disable-static
Cleaning files only used during build.
rm -rf /home/xinyu/gitpage/xinyuhua.github.io/vendor/cache/ruby/gems/nokogiri-1.6.6.2/ports/archives

make "DESTDIR=" install
/usr/bin/mkdir -p ./.gem.20150510-8280-j517v1/nokogiri
exit > .RUBYARCHDIR.time
/usr/bin/install -c -m 0755 nokogiri.so ./.gem.20150510-8280-j517v1/nokogiri
