"gcc -o conftest.exe -I/usr/include/ruby-2.0.0 -I/usr/include/ruby-2.0.0/ruby/backward -I/usr/include/ruby-2.0.0 -I.    -ggdb -O2 -pipe -Wimplicit-function-declaration    conftest.c  -L. -L/usr/lib -L. -fstack-protector     -lruby200  -lpthread -lrt -ldl -lcrypt   "
checked program was:
/* begin */
1: #include "ruby.h"
2: 
3: int main(int argc, char **argv)
4: {
5:   return 0;
6: }
/* end */

"gcc -I/usr/include/ruby-2.0.0 -I/usr/include/ruby-2.0.0/ruby/backward -I/usr/include/ruby-2.0.0 -I.    -ggdb -O2 -pipe -Wimplicit-function-declaration      -Werror -c conftest.c"
checked program was:
/* begin */
1: #include "ruby.h"
2: 
3: int main() {return 0;}
/* end */

"gcc -o conftest.exe -I/usr/include/ruby-2.0.0 -I/usr/include/ruby-2.0.0/ruby/backward -I/usr/include/ruby-2.0.0 -I.    -ggdb -O2 -pipe -Wimplicit-function-declaration    -g -DXP_UNIX -Wall -Wcast-qual -Wwrite-strings -Wconversion -Wmissing-noreturn -Winline conftest.c  -L. -L/usr/lib -lxml2 -lz -llzma -liconv -lm     -lruby200  -lpthread -lrt -ldl -lcrypt   "
In file included from /usr/include/ruby-2.0.0/ruby.h:33:0,
                 from conftest.c:1:
/usr/include/ruby-2.0.0/ruby/ruby.h: 在函数‘rb_float_value’中:
/usr/include/ruby-2.0.0/ruby/ruby.h:777:41: 警告：负整数隐式转换为无符号类型 [-Wsign-conversion]
      t.v = RUBY_BIT_ROTR((2 - b63) | (v & ~0x03), 3);
                                         ^
/usr/include/ruby-2.0.0/ruby/ruby.h:761:32: 附注：in definition of macro ‘RUBY_BIT_ROTR’
 #define RUBY_BIT_ROTR(v, n) (((v) >> (n)) | ((v) << ((sizeof(v) * 8) - n)))
                                ^
/usr/include/ruby-2.0.0/ruby/ruby.h:777:41: 警告：负整数隐式转换为无符号类型 [-Wsign-conversion]
      t.v = RUBY_BIT_ROTR((2 - b63) | (v & ~0x03), 3);
                                         ^
/usr/include/ruby-2.0.0/ruby/ruby.h:761:47: 附注：in definition of macro ‘RUBY_BIT_ROTR’
 #define RUBY_BIT_ROTR(v, n) (((v) >> (n)) | ((v) << ((sizeof(v) * 8) - n)))
                                               ^
checked program was:
/* begin */
1: #include "ruby.h"
2: 
3: int main() {return 0;}
/* end */

package configuration for libxml-2.0
cflags: -I/usr/include/libxml2
ldflags: 
libs: -lxml2 -lz -llzma -liconv -lm

"gcc -o conftest.exe -I/usr/include/ruby-2.0.0 -I/usr/include/ruby-2.0.0/ruby/backward -I/usr/include/ruby-2.0.0 -I.    -ggdb -O2 -pipe -Wimplicit-function-declaration    -g -DXP_UNIX -Wall -Wcast-qual -Wwrite-strings -Wconversion -Wmissing-noreturn -Winline -I/usr/include/libxml2 conftest.c  -L. -L/usr/lib -lxslt -lxml2 -lz -liconv -lm -lxml2 -lz -llzma -liconv -lm     -lxml2 -lz -llzma -liconv -lm -lruby200  -lpthread -lrt -ldl -lcrypt   "
In file included from /usr/include/ruby-2.0.0/ruby.h:33:0,
                 from conftest.c:1:
/usr/include/ruby-2.0.0/ruby/ruby.h: 在函数‘rb_float_value’中:
/usr/include/ruby-2.0.0/ruby/ruby.h:777:41: 警告：负整数隐式转换为无符号类型 [-Wsign-conversion]
      t.v = RUBY_BIT_ROTR((2 - b63) | (v & ~0x03), 3);
                                         ^
/usr/include/ruby-2.0.0/ruby/ruby.h:761:32: 附注：in definition of macro ‘RUBY_BIT_ROTR’
 #define RUBY_BIT_ROTR(v, n) (((v) >> (n)) | ((v) << ((sizeof(v) * 8) - n)))
                                ^
/usr/include/ruby-2.0.0/ruby/ruby.h:777:41: 警告：负整数隐式转换为无符号类型 [-Wsign-conversion]
      t.v = RUBY_BIT_ROTR((2 - b63) | (v & ~0x03), 3);
                                         ^
/usr/include/ruby-2.0.0/ruby/ruby.h:761:47: 附注：in definition of macro ‘RUBY_BIT_ROTR’
 #define RUBY_BIT_ROTR(v, n) (((v) >> (n)) | ((v) << ((sizeof(v) * 8) - n)))
                                               ^
checked program was:
/* begin */
1: #include "ruby.h"
2: 
3: int main() {return 0;}
/* end */

package configuration for libxslt
cflags: -I/usr/include/libxml2
ldflags: 
libs: -lxslt -lxml2 -lz -liconv -lm -lxml2 -lz -llzma -liconv -lm

"gcc -o conftest.exe -I/usr/include/ruby-2.0.0 -I/usr/include/ruby-2.0.0/ruby/backward -I/usr/include/ruby-2.0.0 -I.    -ggdb -O2 -pipe -Wimplicit-function-declaration    -g -DXP_UNIX -Wall -Wcast-qual -Wwrite-strings -Wconversion -Wmissing-noreturn -Winline -I/usr/include/libxml2 -I/usr/include/libxml2 conftest.c  -L. -L/usr/lib -lexslt -lxslt -lxml2 -lz -liconv -lm -lgcrypt -lgpg-error -lxml2 -lz -llzma -liconv -lm     -lxml2 -lz -llzma -liconv -lm -lxslt -lxml2 -lz -liconv -lm -lxml2 -lz -llzma -liconv -lm -lruby200  -lpthread -lrt -ldl -lcrypt   "
In file included from /usr/include/ruby-2.0.0/ruby.h:33:0,
                 from conftest.c:1:
/usr/include/ruby-2.0.0/ruby/ruby.h: 在函数‘rb_float_value’中:
/usr/include/ruby-2.0.0/ruby/ruby.h:777:41: 警告：负整数隐式转换为无符号类型 [-Wsign-conversion]
      t.v = RUBY_BIT_ROTR((2 - b63) | (v & ~0x03), 3);
                                         ^
/usr/include/ruby-2.0.0/ruby/ruby.h:761:32: 附注：in definition of macro ‘RUBY_BIT_ROTR’
 #define RUBY_BIT_ROTR(v, n) (((v) >> (n)) | ((v) << ((sizeof(v) * 8) - n)))
                                ^
/usr/include/ruby-2.0.0/ruby/ruby.h:777:41: 警告：负整数隐式转换为无符号类型 [-Wsign-conversion]
      t.v = RUBY_BIT_ROTR((2 - b63) | (v & ~0x03), 3);
                                         ^
/usr/include/ruby-2.0.0/ruby/ruby.h:761:47: 附注：in definition of macro ‘RUBY_BIT_ROTR’
 #define RUBY_BIT_ROTR(v, n) (((v) >> (n)) | ((v) << ((sizeof(v) * 8) - n)))
                                               ^
checked program was:
/* begin */
1: #include "ruby.h"
2: 
3: int main() {return 0;}
/* end */

package configuration for libexslt
cflags: -I/usr/include/libxml2
ldflags: 
libs: -lexslt -lxslt -lxml2 -lz -liconv -lm -lgcrypt -lgpg-error -lxml2 -lz -llzma -liconv -lm

"gcc -E -I/usr/include/ruby-2.0.0 -I/usr/include/ruby-2.0.0/ruby/backward -I/usr/include/ruby-2.0.0 -I.    -ggdb -O2 -pipe -Wimplicit-function-declaration    -g -DXP_UNIX -Wall -Wcast-qual -Wwrite-strings -Wconversion -Wmissing-noreturn -Winline -I/usr/include/libxml2 -I/usr/include/libxml2 -I/usr/include/libxml2  conftest.c -o conftest.i"
checked program was:
/* begin */
1: #include "ruby.h"
2: 
3: #include <libxml/xmlversion.h>
4: 
5: #if LIBXML_VERSION < 20621
6: #error libxml2 is way too old
7: #endif
/* end */

"gcc -E -I/usr/include/ruby-2.0.0 -I/usr/include/ruby-2.0.0/ruby/backward -I/usr/include/ruby-2.0.0 -I.    -ggdb -O2 -pipe -Wimplicit-function-declaration    -g -DXP_UNIX -Wall -Wcast-qual -Wwrite-strings -Wconversion -Wmissing-noreturn -Winline -I/usr/include/libxml2 -I/usr/include/libxml2 -I/usr/include/libxml2  conftest.c -o conftest.i"
checked program was:
/* begin */
1: #include "ruby.h"
2: 
3: #include <libxml/xmlversion.h>
4: 
5: #if LIBXML_VERSION < 20902
6: #error libxml2 is too old
7: #endif
/* end */

have_func: checking for xmlParseDoc() in libxml/parser.h... -------------------- yes

"gcc -o conftest.exe -I/usr/include/ruby-2.0.0 -I/usr/include/ruby-2.0.0/ruby/backward -I/usr/include/ruby-2.0.0 -I.    -ggdb -O2 -pipe -Wimplicit-function-declaration    -g -DXP_UNIX -Wall -Wcast-qual -Wwrite-strings -Wconversion -Wmissing-noreturn -Winline -I/usr/include/libxml2 -I/usr/include/libxml2 -I/usr/include/libxml2 conftest.c  -L. -L/usr/lib -L. -fstack-protector        -lxml2 -lz -llzma -liconv -lm -lxslt -lxml2 -lz -liconv -lm -lxml2 -lz -llzma -liconv -lm -lexslt -lxslt -lxml2 -lz -liconv -lm -lgcrypt -lgpg-error -lxml2 -lz -llzma -liconv -lm -lruby200  -lxml2 -lz -llzma -liconv -lm -lxslt -lxml2 -lz -liconv -lm -lxml2 -lz -llzma -liconv -lm -lexslt -lxslt -lxml2 -lz -liconv -lm -lgcrypt -lgpg-error -lxml2 -lz -llzma -liconv -lm -lpthread -lrt -ldl -lcrypt   "
In file included from /usr/include/ruby-2.0.0/ruby.h:33:0,
                 from conftest.c:1:
/usr/include/ruby-2.0.0/ruby/ruby.h: 在函数‘rb_float_value’中:
/usr/include/ruby-2.0.0/ruby/ruby.h:777:41: 警告：负整数隐式转换为无符号类型 [-Wsign-conversion]
      t.v = RUBY_BIT_ROTR((2 - b63) | (v & ~0x03), 3);
                                         ^
/usr/include/ruby-2.0.0/ruby/ruby.h:761:32: 附注：in definition of macro ‘RUBY_BIT_ROTR’
 #define RUBY_BIT_ROTR(v, n) (((v) >> (n)) | ((v) << ((sizeof(v) * 8) - n)))
                                ^
/usr/include/ruby-2.0.0/ruby/ruby.h:777:41: 警告：负整数隐式转换为无符号类型 [-Wsign-conversion]
      t.v = RUBY_BIT_ROTR((2 - b63) | (v & ~0x03), 3);
                                         ^
/usr/include/ruby-2.0.0/ruby/ruby.h:761:47: 附注：in definition of macro ‘RUBY_BIT_ROTR’
 #define RUBY_BIT_ROTR(v, n) (((v) >> (n)) | ((v) << ((sizeof(v) * 8) - n)))
                                               ^
conftest.c: 在函数‘t’中:
conftest.c:7:32: 警告：变量‘p’被设定但未被使用 [-Wunused-but-set-variable]
 int t(void) { void ((*volatile p)()); p = (void ((*)()))xmlParseDoc; return 0; }
                                ^
checked program was:
/* begin */
 1: #include "ruby.h"
 2: 
 3: #include <libxml/parser.h>
 4: 
 5: /*top*/
 6: extern int t(void);
 7: int t(void) { void ((*volatile p)()); p = (void ((*)()))xmlParseDoc; return 0; }
 8: int main(int argc, char **argv)
 9: {
10:   if (argc > 1000000) {
11:     printf("%p", &t);
12:   }
13: 
14:   return 0;
15: }
/* end */

--------------------

have_func: checking for xsltParseStylesheetDoc() in libxslt/xslt.h... -------------------- yes

"gcc -o conftest.exe -I/usr/include/ruby-2.0.0 -I/usr/include/ruby-2.0.0/ruby/backward -I/usr/include/ruby-2.0.0 -I.    -ggdb -O2 -pipe -Wimplicit-function-declaration    -g -DXP_UNIX -Wall -Wcast-qual -Wwrite-strings -Wconversion -Wmissing-noreturn -Winline -I/usr/include/libxml2 -I/usr/include/libxml2 -I/usr/include/libxml2 conftest.c  -L. -L/usr/lib -L. -fstack-protector        -lxml2 -lz -llzma -liconv -lm -lxslt -lxml2 -lz -liconv -lm -lxml2 -lz -llzma -liconv -lm -lexslt -lxslt -lxml2 -lz -liconv -lm -lgcrypt -lgpg-error -lxml2 -lz -llzma -liconv -lm -lruby200  -lxml2 -lz -llzma -liconv -lm -lxslt -lxml2 -lz -liconv -lm -lxml2 -lz -llzma -liconv -lm -lexslt -lxslt -lxml2 -lz -liconv -lm -lgcrypt -lgpg-error -lxml2 -lz -llzma -liconv -lm -lpthread -lrt -ldl -lcrypt   "
In file included from /usr/include/ruby-2.0.0/ruby.h:33:0,
                 from conftest.c:1:
/usr/include/ruby-2.0.0/ruby/ruby.h: 在函数‘rb_float_value’中:
/usr/include/ruby-2.0.0/ruby/ruby.h:777:41: 警告：负整数隐式转换为无符号类型 [-Wsign-conversion]
      t.v = RUBY_BIT_ROTR((2 - b63) | (v & ~0x03), 3);
                                         ^
/usr/include/ruby-2.0.0/ruby/ruby.h:761:32: 附注：in definition of macro ‘RUBY_BIT_ROTR’
 #define RUBY_BIT_ROTR(v, n) (((v) >> (n)) | ((v) << ((sizeof(v) * 8) - n)))
                                ^
/usr/include/ruby-2.0.0/ruby/ruby.h:777:41: 警告：负整数隐式转换为无符号类型 [-Wsign-conversion]
      t.v = RUBY_BIT_ROTR((2 - b63) | (v & ~0x03), 3);
                                         ^
/usr/include/ruby-2.0.0/ruby/ruby.h:761:47: 附注：in definition of macro ‘RUBY_BIT_ROTR’
 #define RUBY_BIT_ROTR(v, n) (((v) >> (n)) | ((v) << ((sizeof(v) * 8) - n)))
                                               ^
conftest.c: 在函数‘t’中:
conftest.c:7:57: 错误：‘xsltParseStylesheetDoc’未声明(在此函数内第一次使用)
 int t(void) { void ((*volatile p)()); p = (void ((*)()))xsltParseStylesheetDoc; return 0; }
                                                         ^
conftest.c:7:57: 附注：每个未声明的标识符在其出现的函数内只报告一次
conftest.c:7:32: 警告：变量‘p’被设定但未被使用 [-Wunused-but-set-variable]
 int t(void) { void ((*volatile p)()); p = (void ((*)()))xsltParseStylesheetDoc; return 0; }
                                ^
checked program was:
/* begin */
 1: #include "ruby.h"
 2: 
 3: #include <libxslt/xslt.h>
 4: 
 5: /*top*/
 6: extern int t(void);
 7: int t(void) { void ((*volatile p)()); p = (void ((*)()))xsltParseStylesheetDoc; return 0; }
 8: int main(int argc, char **argv)
 9: {
10:   if (argc > 1000000) {
11:     printf("%p", &t);
12:   }
13: 
14:   return 0;
15: }
/* end */

"gcc -o conftest.exe -I/usr/include/ruby-2.0.0 -I/usr/include/ruby-2.0.0/ruby/backward -I/usr/include/ruby-2.0.0 -I.    -ggdb -O2 -pipe -Wimplicit-function-declaration    -g -DXP_UNIX -Wall -Wcast-qual -Wwrite-strings -Wconversion -Wmissing-noreturn -Winline -I/usr/include/libxml2 -I/usr/include/libxml2 -I/usr/include/libxml2 conftest.c  -L. -L/usr/lib -L. -fstack-protector        -lxml2 -lz -llzma -liconv -lm -lxslt -lxml2 -lz -liconv -lm -lxml2 -lz -llzma -liconv -lm -lexslt -lxslt -lxml2 -lz -liconv -lm -lgcrypt -lgpg-error -lxml2 -lz -llzma -liconv -lm -lruby200  -lxml2 -lz -llzma -liconv -lm -lxslt -lxml2 -lz -liconv -lm -lxml2 -lz -llzma -liconv -lm -lexslt -lxslt -lxml2 -lz -liconv -lm -lgcrypt -lgpg-error -lxml2 -lz -llzma -liconv -lm -lpthread -lrt -ldl -lcrypt   "
In file included from /usr/include/ruby-2.0.0/ruby.h:33:0,
                 from conftest.c:1:
/usr/include/ruby-2.0.0/ruby/ruby.h: 在函数‘rb_float_value’中:
/usr/include/ruby-2.0.0/ruby/ruby.h:777:41: 警告：负整数隐式转换为无符号类型 [-Wsign-conversion]
      t.v = RUBY_BIT_ROTR((2 - b63) | (v & ~0x03), 3);
                                         ^
/usr/include/ruby-2.0.0/ruby/ruby.h:761:32: 附注：in definition of macro ‘RUBY_BIT_ROTR’
 #define RUBY_BIT_ROTR(v, n) (((v) >> (n)) | ((v) << ((sizeof(v) * 8) - n)))
                                ^
/usr/include/ruby-2.0.0/ruby/ruby.h:777:41: 警告：负整数隐式转换为无符号类型 [-Wsign-conversion]
      t.v = RUBY_BIT_ROTR((2 - b63) | (v & ~0x03), 3);
                                         ^
/usr/include/ruby-2.0.0/ruby/ruby.h:761:47: 附注：in definition of macro ‘RUBY_BIT_ROTR’
 #define RUBY_BIT_ROTR(v, n) (((v) >> (n)) | ((v) << ((sizeof(v) * 8) - n)))
                                               ^
conftest.c: 在函数‘t’中:
conftest.c:7:1: 警告：隐式声明函数‘xsltParseStylesheetDoc’ [-Wimplicit-function-declaration]
 int t(void) { xsltParseStylesheetDoc(); return 0; }
 ^
checked program was:
/* begin */
 1: #include "ruby.h"
 2: 
 3: #include <libxslt/xslt.h>
 4: 
 5: /*top*/
 6: extern int t(void);
 7: int t(void) { xsltParseStylesheetDoc(); return 0; }
 8: int main(int argc, char **argv)
 9: {
10:   if (argc > 1000000) {
11:     printf("%p", &t);
12:   }
13: 
14:   return 0;
15: }
/* end */

--------------------

have_func: checking for exsltFuncRegister() in libexslt/exslt.h... -------------------- yes

"gcc -o conftest.exe -I/usr/include/ruby-2.0.0 -I/usr/include/ruby-2.0.0/ruby/backward -I/usr/include/ruby-2.0.0 -I.    -ggdb -O2 -pipe -Wimplicit-function-declaration    -g -DXP_UNIX -Wall -Wcast-qual -Wwrite-strings -Wconversion -Wmissing-noreturn -Winline -I/usr/include/libxml2 -I/usr/include/libxml2 -I/usr/include/libxml2 conftest.c  -L. -L/usr/lib -L. -fstack-protector        -lxml2 -lz -llzma -liconv -lm -lxslt -lxml2 -lz -liconv -lm -lxml2 -lz -llzma -liconv -lm -lexslt -lxslt -lxml2 -lz -liconv -lm -lgcrypt -lgpg-error -lxml2 -lz -llzma -liconv -lm -lruby200  -lxml2 -lz -llzma -liconv -lm -lxslt -lxml2 -lz -liconv -lm -lxml2 -lz -llzma -liconv -lm -lexslt -lxslt -lxml2 -lz -liconv -lm -lgcrypt -lgpg-error -lxml2 -lz -llzma -liconv -lm -lpthread -lrt -ldl -lcrypt   "
In file included from /usr/include/ruby-2.0.0/ruby.h:33:0,
                 from conftest.c:1:
/usr/include/ruby-2.0.0/ruby/ruby.h: 在函数‘rb_float_value’中:
/usr/include/ruby-2.0.0/ruby/ruby.h:777:41: 警告：负整数隐式转换为无符号类型 [-Wsign-conversion]
      t.v = RUBY_BIT_ROTR((2 - b63) | (v & ~0x03), 3);
                                         ^
/usr/include/ruby-2.0.0/ruby/ruby.h:761:32: 附注：in definition of macro ‘RUBY_BIT_ROTR’
 #define RUBY_BIT_ROTR(v, n) (((v) >> (n)) | ((v) << ((sizeof(v) * 8) - n)))
                                ^
/usr/include/ruby-2.0.0/ruby/ruby.h:777:41: 警告：负整数隐式转换为无符号类型 [-Wsign-conversion]
      t.v = RUBY_BIT_ROTR((2 - b63) | (v & ~0x03), 3);
                                         ^
/usr/include/ruby-2.0.0/ruby/ruby.h:761:47: 附注：in definition of macro ‘RUBY_BIT_ROTR’
 #define RUBY_BIT_ROTR(v, n) (((v) >> (n)) | ((v) << ((sizeof(v) * 8) - n)))
                                               ^
conftest.c: 在函数‘t’中:
conftest.c:7:32: 警告：变量‘p’被设定但未被使用 [-Wunused-but-set-variable]
 int t(void) { void ((*volatile p)()); p = (void ((*)()))exsltFuncRegister; return 0; }
                                ^
checked program was:
/* begin */
 1: #include "ruby.h"
 2: 
 3: #include <libexslt/exslt.h>
 4: 
 5: /*top*/
 6: extern int t(void);
 7: int t(void) { void ((*volatile p)()); p = (void ((*)()))exsltFuncRegister; return 0; }
 8: int main(int argc, char **argv)
 9: {
10:   if (argc > 1000000) {
11:     printf("%p", &t);
12:   }
13: 
14:   return 0;
15: }
/* end */

--------------------

have_func: checking for xmlHasFeature()... -------------------- yes

"gcc -o conftest.exe -I/usr/include/ruby-2.0.0 -I/usr/include/ruby-2.0.0/ruby/backward -I/usr/include/ruby-2.0.0 -I.    -ggdb -O2 -pipe -Wimplicit-function-declaration    -g -DXP_UNIX -Wall -Wcast-qual -Wwrite-strings -Wconversion -Wmissing-noreturn -Winline -I/usr/include/libxml2 -I/usr/include/libxml2 -I/usr/include/libxml2 conftest.c  -L. -L/usr/lib -L. -fstack-protector        -lxml2 -lz -llzma -liconv -lm -lxslt -lxml2 -lz -liconv -lm -lxml2 -lz -llzma -liconv -lm -lexslt -lxslt -lxml2 -lz -liconv -lm -lgcrypt -lgpg-error -lxml2 -lz -llzma -liconv -lm -lruby200  -lxml2 -lz -llzma -liconv -lm -lxslt -lxml2 -lz -liconv -lm -lxml2 -lz -llzma -liconv -lm -lexslt -lxslt -lxml2 -lz -liconv -lm -lgcrypt -lgpg-error -lxml2 -lz -llzma -liconv -lm -lpthread -lrt -ldl -lcrypt   "
In file included from /usr/include/ruby-2.0.0/ruby.h:33:0,
                 from conftest.c:1:
/usr/include/ruby-2.0.0/ruby/ruby.h: 在函数‘rb_float_value’中:
/usr/include/ruby-2.0.0/ruby/ruby.h:777:41: 警告：负整数隐式转换为无符号类型 [-Wsign-conversion]
      t.v = RUBY_BIT_ROTR((2 - b63) | (v & ~0x03), 3);
                                         ^
/usr/include/ruby-2.0.0/ruby/ruby.h:761:32: 附注：in definition of macro ‘RUBY_BIT_ROTR’
 #define RUBY_BIT_ROTR(v, n) (((v) >> (n)) | ((v) << ((sizeof(v) * 8) - n)))
                                ^
/usr/include/ruby-2.0.0/ruby/ruby.h:777:41: 警告：负整数隐式转换为无符号类型 [-Wsign-conversion]
      t.v = RUBY_BIT_ROTR((2 - b63) | (v & ~0x03), 3);
                                         ^
/usr/include/ruby-2.0.0/ruby/ruby.h:761:47: 附注：in definition of macro ‘RUBY_BIT_ROTR’
 #define RUBY_BIT_ROTR(v, n) (((v) >> (n)) | ((v) << ((sizeof(v) * 8) - n)))
                                               ^
conftest.c: 在函数‘t’中:
conftest.c:5:57: 错误：‘xmlHasFeature’未声明(在此函数内第一次使用)
 int t(void) { void ((*volatile p)()); p = (void ((*)()))xmlHasFeature; return 0; }
                                                         ^
conftest.c:5:57: 附注：每个未声明的标识符在其出现的函数内只报告一次
conftest.c:5:32: 警告：变量‘p’被设定但未被使用 [-Wunused-but-set-variable]
 int t(void) { void ((*volatile p)()); p = (void ((*)()))xmlHasFeature; return 0; }
                                ^
checked program was:
/* begin */
 1: #include "ruby.h"
 2: 
 3: /*top*/
 4: extern int t(void);
 5: int t(void) { void ((*volatile p)()); p = (void ((*)()))xmlHasFeature; return 0; }
 6: int main(int argc, char **argv)
 7: {
 8:   if (argc > 1000000) {
 9:     printf("%p", &t);
10:   }
11: 
12:   return 0;
13: }
/* end */

"gcc -o conftest.exe -I/usr/include/ruby-2.0.0 -I/usr/include/ruby-2.0.0/ruby/backward -I/usr/include/ruby-2.0.0 -I.    -ggdb -O2 -pipe -Wimplicit-function-declaration    -g -DXP_UNIX -Wall -Wcast-qual -Wwrite-strings -Wconversion -Wmissing-noreturn -Winline -I/usr/include/libxml2 -I/usr/include/libxml2 -I/usr/include/libxml2 conftest.c  -L. -L/usr/lib -L. -fstack-protector        -lxml2 -lz -llzma -liconv -lm -lxslt -lxml2 -lz -liconv -lm -lxml2 -lz -llzma -liconv -lm -lexslt -lxslt -lxml2 -lz -liconv -lm -lgcrypt -lgpg-error -lxml2 -lz -llzma -liconv -lm -lruby200  -lxml2 -lz -llzma -liconv -lm -lxslt -lxml2 -lz -liconv -lm -lxml2 -lz -llzma -liconv -lm -lexslt -lxslt -lxml2 -lz -liconv -lm -lgcrypt -lgpg-error -lxml2 -lz -llzma -liconv -lm -lpthread -lrt -ldl -lcrypt   "
In file included from /usr/include/ruby-2.0.0/ruby.h:33:0,
                 from conftest.c:1:
/usr/include/ruby-2.0.0/ruby/ruby.h: 在函数‘rb_float_value’中:
/usr/include/ruby-2.0.0/ruby/ruby.h:777:41: 警告：负整数隐式转换为无符号类型 [-Wsign-conversion]
      t.v = RUBY_BIT_ROTR((2 - b63) | (v & ~0x03), 3);
                                         ^
/usr/include/ruby-2.0.0/ruby/ruby.h:761:32: 附注：in definition of macro ‘RUBY_BIT_ROTR’
 #define RUBY_BIT_ROTR(v, n) (((v) >> (n)) | ((v) << ((sizeof(v) * 8) - n)))
                                ^
/usr/include/ruby-2.0.0/ruby/ruby.h:777:41: 警告：负整数隐式转换为无符号类型 [-Wsign-conversion]
      t.v = RUBY_BIT_ROTR((2 - b63) | (v & ~0x03), 3);
                                         ^
/usr/include/ruby-2.0.0/ruby/ruby.h:761:47: 附注：in definition of macro ‘RUBY_BIT_ROTR’
 #define RUBY_BIT_ROTR(v, n) (((v) >> (n)) | ((v) << ((sizeof(v) * 8) - n)))
                                               ^
conftest.c: 在函数‘t’中:
conftest.c:5:1: 警告：隐式声明函数‘xmlHasFeature’ [-Wimplicit-function-declaration]
 int t(void) { xmlHasFeature(); return 0; }
 ^
checked program was:
/* begin */
 1: #include "ruby.h"
 2: 
 3: /*top*/
 4: extern int t(void);
 5: int t(void) { xmlHasFeature(); return 0; }
 6: int main(int argc, char **argv)
 7: {
 8:   if (argc > 1000000) {
 9:     printf("%p", &t);
10:   }
11: 
12:   return 0;
13: }
/* end */

--------------------

have_func: checking for xmlFirstElementChild()... -------------------- yes

"gcc -o conftest.exe -I/usr/include/ruby-2.0.0 -I/usr/include/ruby-2.0.0/ruby/backward -I/usr/include/ruby-2.0.0 -I.    -ggdb -O2 -pipe -Wimplicit-function-declaration    -g -DXP_UNIX -Wall -Wcast-qual -Wwrite-strings -Wconversion -Wmissing-noreturn -Winline -I/usr/include/libxml2 -I/usr/include/libxml2 -I/usr/include/libxml2 conftest.c  -L. -L/usr/lib -L. -fstack-protector        -lxml2 -lz -llzma -liconv -lm -lxslt -lxml2 -lz -liconv -lm -lxml2 -lz -llzma -liconv -lm -lexslt -lxslt -lxml2 -lz -liconv -lm -lgcrypt -lgpg-error -lxml2 -lz -llzma -liconv -lm -lruby200  -lxml2 -lz -llzma -liconv -lm -lxslt -lxml2 -lz -liconv -lm -lxml2 -lz -llzma -liconv -lm -lexslt -lxslt -lxml2 -lz -liconv -lm -lgcrypt -lgpg-error -lxml2 -lz -llzma -liconv -lm -lpthread -lrt -ldl -lcrypt   "
In file included from /usr/include/ruby-2.0.0/ruby.h:33:0,
                 from conftest.c:1:
/usr/include/ruby-2.0.0/ruby/ruby.h: 在函数‘rb_float_value’中:
/usr/include/ruby-2.0.0/ruby/ruby.h:777:41: 警告：负整数隐式转换为无符号类型 [-Wsign-conversion]
      t.v = RUBY_BIT_ROTR((2 - b63) | (v & ~0x03), 3);
                                         ^
/usr/include/ruby-2.0.0/ruby/ruby.h:761:32: 附注：in definition of macro ‘RUBY_BIT_ROTR’
 #define RUBY_BIT_ROTR(v, n) (((v) >> (n)) | ((v) << ((sizeof(v) * 8) - n)))
                                ^
/usr/include/ruby-2.0.0/ruby/ruby.h:777:41: 警告：负整数隐式转换为无符号类型 [-Wsign-conversion]
      t.v = RUBY_BIT_ROTR((2 - b63) | (v & ~0x03), 3);
                                         ^
/usr/include/ruby-2.0.0/ruby/ruby.h:761:47: 附注：in definition of macro ‘RUBY_BIT_ROTR’
 #define RUBY_BIT_ROTR(v, n) (((v) >> (n)) | ((v) << ((sizeof(v) * 8) - n)))
                                               ^
conftest.c: 在函数‘t’中:
conftest.c:5:57: 错误：‘xmlFirstElementChild’未声明(在此函数内第一次使用)
 int t(void) { void ((*volatile p)()); p = (void ((*)()))xmlFirstElementChild; return 0; }
                                                         ^
conftest.c:5:57: 附注：每个未声明的标识符在其出现的函数内只报告一次
conftest.c:5:32: 警告：变量‘p’被设定但未被使用 [-Wunused-but-set-variable]
 int t(void) { void ((*volatile p)()); p = (void ((*)()))xmlFirstElementChild; return 0; }
                                ^
checked program was:
/* begin */
 1: #include "ruby.h"
 2: 
 3: /*top*/
 4: extern int t(void);
 5: int t(void) { void ((*volatile p)()); p = (void ((*)()))xmlFirstElementChild; return 0; }
 6: int main(int argc, char **argv)
 7: {
 8:   if (argc > 1000000) {
 9:     printf("%p", &t);
10:   }
11: 
12:   return 0;
13: }
/* end */

"gcc -o conftest.exe -I/usr/include/ruby-2.0.0 -I/usr/include/ruby-2.0.0/ruby/backward -I/usr/include/ruby-2.0.0 -I.    -ggdb -O2 -pipe -Wimplicit-function-declaration    -g -DXP_UNIX -Wall -Wcast-qual -Wwrite-strings -Wconversion -Wmissing-noreturn -Winline -I/usr/include/libxml2 -I/usr/include/libxml2 -I/usr/include/libxml2 conftest.c  -L. -L/usr/lib -L. -fstack-protector        -lxml2 -lz -llzma -liconv -lm -lxslt -lxml2 -lz -liconv -lm -lxml2 -lz -llzma -liconv -lm -lexslt -lxslt -lxml2 -lz -liconv -lm -lgcrypt -lgpg-error -lxml2 -lz -llzma -liconv -lm -lruby200  -lxml2 -lz -llzma -liconv -lm -lxslt -lxml2 -lz -liconv -lm -lxml2 -lz -llzma -liconv -lm -lexslt -lxslt -lxml2 -lz -liconv -lm -lgcrypt -lgpg-error -lxml2 -lz -llzma -liconv -lm -lpthread -lrt -ldl -lcrypt   "
In file included from /usr/include/ruby-2.0.0/ruby.h:33:0,
                 from conftest.c:1:
/usr/include/ruby-2.0.0/ruby/ruby.h: 在函数‘rb_float_value’中:
/usr/include/ruby-2.0.0/ruby/ruby.h:777:41: 警告：负整数隐式转换为无符号类型 [-Wsign-conversion]
      t.v = RUBY_BIT_ROTR((2 - b63) | (v & ~0x03), 3);
                                         ^
/usr/include/ruby-2.0.0/ruby/ruby.h:761:32: 附注：in definition of macro ‘RUBY_BIT_ROTR’
 #define RUBY_BIT_ROTR(v, n) (((v) >> (n)) | ((v) << ((sizeof(v) * 8) - n)))
                                ^
/usr/include/ruby-2.0.0/ruby/ruby.h:777:41: 警告：负整数隐式转换为无符号类型 [-Wsign-conversion]
      t.v = RUBY_BIT_ROTR((2 - b63) | (v & ~0x03), 3);
                                         ^
/usr/include/ruby-2.0.0/ruby/ruby.h:761:47: 附注：in definition of macro ‘RUBY_BIT_ROTR’
 #define RUBY_BIT_ROTR(v, n) (((v) >> (n)) | ((v) << ((sizeof(v) * 8) - n)))
                                               ^
conftest.c: 在函数‘t’中:
conftest.c:5:1: 警告：隐式声明函数‘xmlFirstElementChild’ [-Wimplicit-function-declaration]
 int t(void) { xmlFirstElementChild(); return 0; }
 ^
checked program was:
/* begin */
 1: #include "ruby.h"
 2: 
 3: /*top*/
 4: extern int t(void);
 5: int t(void) { xmlFirstElementChild(); return 0; }
 6: int main(int argc, char **argv)
 7: {
 8:   if (argc > 1000000) {
 9:     printf("%p", &t);
10:   }
11: 
12:   return 0;
13: }
/* end */

--------------------

have_func: checking for xmlRelaxNGSetParserStructuredErrors()... -------------------- yes

"gcc -o conftest.exe -I/usr/include/ruby-2.0.0 -I/usr/include/ruby-2.0.0/ruby/backward -I/usr/include/ruby-2.0.0 -I.    -ggdb -O2 -pipe -Wimplicit-function-declaration    -g -DXP_UNIX -Wall -Wcast-qual -Wwrite-strings -Wconversion -Wmissing-noreturn -Winline -I/usr/include/libxml2 -I/usr/include/libxml2 -I/usr/include/libxml2 conftest.c  -L. -L/usr/lib -L. -fstack-protector        -lxml2 -lz -llzma -liconv -lm -lxslt -lxml2 -lz -liconv -lm -lxml2 -lz -llzma -liconv -lm -lexslt -lxslt -lxml2 -lz -liconv -lm -lgcrypt -lgpg-error -lxml2 -lz -llzma -liconv -lm -lruby200  -lxml2 -lz -llzma -liconv -lm -lxslt -lxml2 -lz -liconv -lm -lxml2 -lz -llzma -liconv -lm -lexslt -lxslt -lxml2 -lz -liconv -lm -lgcrypt -lgpg-error -lxml2 -lz -llzma -liconv -lm -lpthread -lrt -ldl -lcrypt   "
In file included from /usr/include/ruby-2.0.0/ruby.h:33:0,
                 from conftest.c:1:
/usr/include/ruby-2.0.0/ruby/ruby.h: 在函数‘rb_float_value’中:
/usr/include/ruby-2.0.0/ruby/ruby.h:777:41: 警告：负整数隐式转换为无符号类型 [-Wsign-conversion]
      t.v = RUBY_BIT_ROTR((2 - b63) | (v & ~0x03), 3);
                                         ^
/usr/include/ruby-2.0.0/ruby/ruby.h:761:32: 附注：in definition of macro ‘RUBY_BIT_ROTR’
 #define RUBY_BIT_ROTR(v, n) (((v) >> (n)) | ((v) << ((sizeof(v) * 8) - n)))
                                ^
/usr/include/ruby-2.0.0/ruby/ruby.h:777:41: 警告：负整数隐式转换为无符号类型 [-Wsign-conversion]
      t.v = RUBY_BIT_ROTR((2 - b63) | (v & ~0x03), 3);
                                         ^
/usr/include/ruby-2.0.0/ruby/ruby.h:761:47: 附注：in definition of macro ‘RUBY_BIT_ROTR’
 #define RUBY_BIT_ROTR(v, n) (((v) >> (n)) | ((v) << ((sizeof(v) * 8) - n)))
                                               ^
conftest.c: 在函数‘t’中:
conftest.c:5:57: 错误：‘xmlRelaxNGSetParserStructuredErrors’未声明(在此函数内第一次使用)
 int t(void) { void ((*volatile p)()); p = (void ((*)()))xmlRelaxNGSetParserStructuredErrors; return 0; }
                                                         ^
conftest.c:5:57: 附注：每个未声明的标识符在其出现的函数内只报告一次
conftest.c:5:32: 警告：变量‘p’被设定但未被使用 [-Wunused-but-set-variable]
 int t(void) { void ((*volatile p)()); p = (void ((*)()))xmlRelaxNGSetParserStructuredErrors; return 0; }
                                ^
checked program was:
/* begin */
 1: #include "ruby.h"
 2: 
 3: /*top*/
 4: extern int t(void);
 5: int t(void) { void ((*volatile p)()); p = (void ((*)()))xmlRelaxNGSetParserStructuredErrors; return 0; }
 6: int main(int argc, char **argv)
 7: {
 8:   if (argc > 1000000) {
 9:     printf("%p", &t);
10:   }
11: 
12:   return 0;
13: }
/* end */

"gcc -o conftest.exe -I/usr/include/ruby-2.0.0 -I/usr/include/ruby-2.0.0/ruby/backward -I/usr/include/ruby-2.0.0 -I.    -ggdb -O2 -pipe -Wimplicit-function-declaration    -g -DXP_UNIX -Wall -Wcast-qual -Wwrite-strings -Wconversion -Wmissing-noreturn -Winline -I/usr/include/libxml2 -I/usr/include/libxml2 -I/usr/include/libxml2 conftest.c  -L. -L/usr/lib -L. -fstack-protector        -lxml2 -lz -llzma -liconv -lm -lxslt -lxml2 -lz -liconv -lm -lxml2 -lz -llzma -liconv -lm -lexslt -lxslt -lxml2 -lz -liconv -lm -lgcrypt -lgpg-error -lxml2 -lz -llzma -liconv -lm -lruby200  -lxml2 -lz -llzma -liconv -lm -lxslt -lxml2 -lz -liconv -lm -lxml2 -lz -llzma -liconv -lm -lexslt -lxslt -lxml2 -lz -liconv -lm -lgcrypt -lgpg-error -lxml2 -lz -llzma -liconv -lm -lpthread -lrt -ldl -lcrypt   "
In file included from /usr/include/ruby-2.0.0/ruby.h:33:0,
                 from conftest.c:1:
/usr/include/ruby-2.0.0/ruby/ruby.h: 在函数‘rb_float_value’中:
/usr/include/ruby-2.0.0/ruby/ruby.h:777:41: 警告：负整数隐式转换为无符号类型 [-Wsign-conversion]
      t.v = RUBY_BIT_ROTR((2 - b63) | (v & ~0x03), 3);
                                         ^
/usr/include/ruby-2.0.0/ruby/ruby.h:761:32: 附注：in definition of macro ‘RUBY_BIT_ROTR’
 #define RUBY_BIT_ROTR(v, n) (((v) >> (n)) | ((v) << ((sizeof(v) * 8) - n)))
                                ^
/usr/include/ruby-2.0.0/ruby/ruby.h:777:41: 警告：负整数隐式转换为无符号类型 [-Wsign-conversion]
      t.v = RUBY_BIT_ROTR((2 - b63) | (v & ~0x03), 3);
                                         ^
/usr/include/ruby-2.0.0/ruby/ruby.h:761:47: 附注：in definition of macro ‘RUBY_BIT_ROTR’
 #define RUBY_BIT_ROTR(v, n) (((v) >> (n)) | ((v) << ((sizeof(v) * 8) - n)))
                                               ^
conftest.c: 在函数‘t’中:
conftest.c:5:1: 警告：隐式声明函数‘xmlRelaxNGSetParserStructuredErrors’ [-Wimplicit-function-declaration]
 int t(void) { xmlRelaxNGSetParserStructuredErrors(); return 0; }
 ^
checked program was:
/* begin */
 1: #include "ruby.h"
 2: 
 3: /*top*/
 4: extern int t(void);
 5: int t(void) { xmlRelaxNGSetParserStructuredErrors(); return 0; }
 6: int main(int argc, char **argv)
 7: {
 8:   if (argc > 1000000) {
 9:     printf("%p", &t);
10:   }
11: 
12:   return 0;
13: }
/* end */

--------------------

have_func: checking for xmlRelaxNGSetParserStructuredErrors()... -------------------- yes

"gcc -o conftest.exe -I/usr/include/ruby-2.0.0 -I/usr/include/ruby-2.0.0/ruby/backward -I/usr/include/ruby-2.0.0 -I.    -ggdb -O2 -pipe -Wimplicit-function-declaration    -g -DXP_UNIX -Wall -Wcast-qual -Wwrite-strings -Wconversion -Wmissing-noreturn -Winline -I/usr/include/libxml2 -I/usr/include/libxml2 -I/usr/include/libxml2 conftest.c  -L. -L/usr/lib -L. -fstack-protector        -lxml2 -lz -llzma -liconv -lm -lxslt -lxml2 -lz -liconv -lm -lxml2 -lz -llzma -liconv -lm -lexslt -lxslt -lxml2 -lz -liconv -lm -lgcrypt -lgpg-error -lxml2 -lz -llzma -liconv -lm -lruby200  -lxml2 -lz -llzma -liconv -lm -lxslt -lxml2 -lz -liconv -lm -lxml2 -lz -llzma -liconv -lm -lexslt -lxslt -lxml2 -lz -liconv -lm -lgcrypt -lgpg-error -lxml2 -lz -llzma -liconv -lm -lpthread -lrt -ldl -lcrypt   "
In file included from /usr/include/ruby-2.0.0/ruby.h:33:0,
                 from conftest.c:1:
/usr/include/ruby-2.0.0/ruby/ruby.h: 在函数‘rb_float_value’中:
/usr/include/ruby-2.0.0/ruby/ruby.h:777:41: 警告：负整数隐式转换为无符号类型 [-Wsign-conversion]
      t.v = RUBY_BIT_ROTR((2 - b63) | (v & ~0x03), 3);
                                         ^
/usr/include/ruby-2.0.0/ruby/ruby.h:761:32: 附注：in definition of macro ‘RUBY_BIT_ROTR’
 #define RUBY_BIT_ROTR(v, n) (((v) >> (n)) | ((v) << ((sizeof(v) * 8) - n)))
                                ^
/usr/include/ruby-2.0.0/ruby/ruby.h:777:41: 警告：负整数隐式转换为无符号类型 [-Wsign-conversion]
      t.v = RUBY_BIT_ROTR((2 - b63) | (v & ~0x03), 3);
                                         ^
/usr/include/ruby-2.0.0/ruby/ruby.h:761:47: 附注：in definition of macro ‘RUBY_BIT_ROTR’
 #define RUBY_BIT_ROTR(v, n) (((v) >> (n)) | ((v) << ((sizeof(v) * 8) - n)))
                                               ^
conftest.c: 在函数‘t’中:
conftest.c:5:57: 错误：‘xmlRelaxNGSetParserStructuredErrors’未声明(在此函数内第一次使用)
 int t(void) { void ((*volatile p)()); p = (void ((*)()))xmlRelaxNGSetParserStructuredErrors; return 0; }
                                                         ^
conftest.c:5:57: 附注：每个未声明的标识符在其出现的函数内只报告一次
conftest.c:5:32: 警告：变量‘p’被设定但未被使用 [-Wunused-but-set-variable]
 int t(void) { void ((*volatile p)()); p = (void ((*)()))xmlRelaxNGSetParserStructuredErrors; return 0; }
                                ^
checked program was:
/* begin */
 1: #include "ruby.h"
 2: 
 3: /*top*/
 4: extern int t(void);
 5: int t(void) { void ((*volatile p)()); p = (void ((*)()))xmlRelaxNGSetParserStructuredErrors; return 0; }
 6: int main(int argc, char **argv)
 7: {
 8:   if (argc > 1000000) {
 9:     printf("%p", &t);
10:   }
11: 
12:   return 0;
13: }
/* end */

"gcc -o conftest.exe -I/usr/include/ruby-2.0.0 -I/usr/include/ruby-2.0.0/ruby/backward -I/usr/include/ruby-2.0.0 -I.    -ggdb -O2 -pipe -Wimplicit-function-declaration    -g -DXP_UNIX -Wall -Wcast-qual -Wwrite-strings -Wconversion -Wmissing-noreturn -Winline -I/usr/include/libxml2 -I/usr/include/libxml2 -I/usr/include/libxml2 conftest.c  -L. -L/usr/lib -L. -fstack-protector        -lxml2 -lz -llzma -liconv -lm -lxslt -lxml2 -lz -liconv -lm -lxml2 -lz -llzma -liconv -lm -lexslt -lxslt -lxml2 -lz -liconv -lm -lgcrypt -lgpg-error -lxml2 -lz -llzma -liconv -lm -lruby200  -lxml2 -lz -llzma -liconv -lm -lxslt -lxml2 -lz -liconv -lm -lxml2 -lz -llzma -liconv -lm -lexslt -lxslt -lxml2 -lz -liconv -lm -lgcrypt -lgpg-error -lxml2 -lz -llzma -liconv -lm -lpthread -lrt -ldl -lcrypt   "
In file included from /usr/include/ruby-2.0.0/ruby.h:33:0,
                 from conftest.c:1:
/usr/include/ruby-2.0.0/ruby/ruby.h: 在函数‘rb_float_value’中:
/usr/include/ruby-2.0.0/ruby/ruby.h:777:41: 警告：负整数隐式转换为无符号类型 [-Wsign-conversion]
      t.v = RUBY_BIT_ROTR((2 - b63) | (v & ~0x03), 3);
                                         ^
/usr/include/ruby-2.0.0/ruby/ruby.h:761:32: 附注：in definition of macro ‘RUBY_BIT_ROTR’
 #define RUBY_BIT_ROTR(v, n) (((v) >> (n)) | ((v) << ((sizeof(v) * 8) - n)))
                                ^
/usr/include/ruby-2.0.0/ruby/ruby.h:777:41: 警告：负整数隐式转换为无符号类型 [-Wsign-conversion]
      t.v = RUBY_BIT_ROTR((2 - b63) | (v & ~0x03), 3);
                                         ^
/usr/include/ruby-2.0.0/ruby/ruby.h:761:47: 附注：in definition of macro ‘RUBY_BIT_ROTR’
 #define RUBY_BIT_ROTR(v, n) (((v) >> (n)) | ((v) << ((sizeof(v) * 8) - n)))
                                               ^
conftest.c: 在函数‘t’中:
conftest.c:5:1: 警告：隐式声明函数‘xmlRelaxNGSetParserStructuredErrors’ [-Wimplicit-function-declaration]
 int t(void) { xmlRelaxNGSetParserStructuredErrors(); return 0; }
 ^
checked program was:
/* begin */
 1: #include "ruby.h"
 2: 
 3: /*top*/
 4: extern int t(void);
 5: int t(void) { xmlRelaxNGSetParserStructuredErrors(); return 0; }
 6: int main(int argc, char **argv)
 7: {
 8:   if (argc > 1000000) {
 9:     printf("%p", &t);
10:   }
11: 
12:   return 0;
13: }
/* end */

--------------------

have_func: checking for xmlRelaxNGSetValidStructuredErrors()... -------------------- yes

"gcc -o conftest.exe -I/usr/include/ruby-2.0.0 -I/usr/include/ruby-2.0.0/ruby/backward -I/usr/include/ruby-2.0.0 -I.    -ggdb -O2 -pipe -Wimplicit-function-declaration    -g -DXP_UNIX -Wall -Wcast-qual -Wwrite-strings -Wconversion -Wmissing-noreturn -Winline -I/usr/include/libxml2 -I/usr/include/libxml2 -I/usr/include/libxml2 conftest.c  -L. -L/usr/lib -L. -fstack-protector        -lxml2 -lz -llzma -liconv -lm -lxslt -lxml2 -lz -liconv -lm -lxml2 -lz -llzma -liconv -lm -lexslt -lxslt -lxml2 -lz -liconv -lm -lgcrypt -lgpg-error -lxml2 -lz -llzma -liconv -lm -lruby200  -lxml2 -lz -llzma -liconv -lm -lxslt -lxml2 -lz -liconv -lm -lxml2 -lz -llzma -liconv -lm -lexslt -lxslt -lxml2 -lz -liconv -lm -lgcrypt -lgpg-error -lxml2 -lz -llzma -liconv -lm -lpthread -lrt -ldl -lcrypt   "
In file included from /usr/include/ruby-2.0.0/ruby.h:33:0,
                 from conftest.c:1:
/usr/include/ruby-2.0.0/ruby/ruby.h: 在函数‘rb_float_value’中:
/usr/include/ruby-2.0.0/ruby/ruby.h:777:41: 警告：负整数隐式转换为无符号类型 [-Wsign-conversion]
      t.v = RUBY_BIT_ROTR((2 - b63) | (v & ~0x03), 3);
                                         ^
/usr/include/ruby-2.0.0/ruby/ruby.h:761:32: 附注：in definition of macro ‘RUBY_BIT_ROTR’
 #define RUBY_BIT_ROTR(v, n) (((v) >> (n)) | ((v) << ((sizeof(v) * 8) - n)))
                                ^
/usr/include/ruby-2.0.0/ruby/ruby.h:777:41: 警告：负整数隐式转换为无符号类型 [-Wsign-conversion]
      t.v = RUBY_BIT_ROTR((2 - b63) | (v & ~0x03), 3);
                                         ^
/usr/include/ruby-2.0.0/ruby/ruby.h:761:47: 附注：in definition of macro ‘RUBY_BIT_ROTR’
 #define RUBY_BIT_ROTR(v, n) (((v) >> (n)) | ((v) << ((sizeof(v) * 8) - n)))
                                               ^
conftest.c: 在函数‘t’中:
conftest.c:5:57: 错误：‘xmlRelaxNGSetValidStructuredErrors’未声明(在此函数内第一次使用)
 int t(void) { void ((*volatile p)()); p = (void ((*)()))xmlRelaxNGSetValidStructuredErrors; return 0; }
                                                         ^
conftest.c:5:57: 附注：每个未声明的标识符在其出现的函数内只报告一次
conftest.c:5:32: 警告：变量‘p’被设定但未被使用 [-Wunused-but-set-variable]
 int t(void) { void ((*volatile p)()); p = (void ((*)()))xmlRelaxNGSetValidStructuredErrors; return 0; }
                                ^
checked program was:
/* begin */
 1: #include "ruby.h"
 2: 
 3: /*top*/
 4: extern int t(void);
 5: int t(void) { void ((*volatile p)()); p = (void ((*)()))xmlRelaxNGSetValidStructuredErrors; return 0; }
 6: int main(int argc, char **argv)
 7: {
 8:   if (argc > 1000000) {
 9:     printf("%p", &t);
10:   }
11: 
12:   return 0;
13: }
/* end */

"gcc -o conftest.exe -I/usr/include/ruby-2.0.0 -I/usr/include/ruby-2.0.0/ruby/backward -I/usr/include/ruby-2.0.0 -I.    -ggdb -O2 -pipe -Wimplicit-function-declaration    -g -DXP_UNIX -Wall -Wcast-qual -Wwrite-strings -Wconversion -Wmissing-noreturn -Winline -I/usr/include/libxml2 -I/usr/include/libxml2 -I/usr/include/libxml2 conftest.c  -L. -L/usr/lib -L. -fstack-protector        -lxml2 -lz -llzma -liconv -lm -lxslt -lxml2 -lz -liconv -lm -lxml2 -lz -llzma -liconv -lm -lexslt -lxslt -lxml2 -lz -liconv -lm -lgcrypt -lgpg-error -lxml2 -lz -llzma -liconv -lm -lruby200  -lxml2 -lz -llzma -liconv -lm -lxslt -lxml2 -lz -liconv -lm -lxml2 -lz -llzma -liconv -lm -lexslt -lxslt -lxml2 -lz -liconv -lm -lgcrypt -lgpg-error -lxml2 -lz -llzma -liconv -lm -lpthread -lrt -ldl -lcrypt   "
In file included from /usr/include/ruby-2.0.0/ruby.h:33:0,
                 from conftest.c:1:
/usr/include/ruby-2.0.0/ruby/ruby.h: 在函数‘rb_float_value’中:
/usr/include/ruby-2.0.0/ruby/ruby.h:777:41: 警告：负整数隐式转换为无符号类型 [-Wsign-conversion]
      t.v = RUBY_BIT_ROTR((2 - b63) | (v & ~0x03), 3);
                                         ^
/usr/include/ruby-2.0.0/ruby/ruby.h:761:32: 附注：in definition of macro ‘RUBY_BIT_ROTR’
 #define RUBY_BIT_ROTR(v, n) (((v) >> (n)) | ((v) << ((sizeof(v) * 8) - n)))
                                ^
/usr/include/ruby-2.0.0/ruby/ruby.h:777:41: 警告：负整数隐式转换为无符号类型 [-Wsign-conversion]
      t.v = RUBY_BIT_ROTR((2 - b63) | (v & ~0x03), 3);
                                         ^
/usr/include/ruby-2.0.0/ruby/ruby.h:761:47: 附注：in definition of macro ‘RUBY_BIT_ROTR’
 #define RUBY_BIT_ROTR(v, n) (((v) >> (n)) | ((v) << ((sizeof(v) * 8) - n)))
                                               ^
conftest.c: 在函数‘t’中:
conftest.c:5:1: 警告：隐式声明函数‘xmlRelaxNGSetValidStructuredErrors’ [-Wimplicit-function-declaration]
 int t(void) { xmlRelaxNGSetValidStructuredErrors(); return 0; }
 ^
checked program was:
/* begin */
 1: #include "ruby.h"
 2: 
 3: /*top*/
 4: extern int t(void);
 5: int t(void) { xmlRelaxNGSetValidStructuredErrors(); return 0; }
 6: int main(int argc, char **argv)
 7: {
 8:   if (argc > 1000000) {
 9:     printf("%p", &t);
10:   }
11: 
12:   return 0;
13: }
/* end */

--------------------

have_func: checking for xmlSchemaSetValidStructuredErrors()... -------------------- yes

"gcc -o conftest.exe -I/usr/include/ruby-2.0.0 -I/usr/include/ruby-2.0.0/ruby/backward -I/usr/include/ruby-2.0.0 -I.    -ggdb -O2 -pipe -Wimplicit-function-declaration    -g -DXP_UNIX -Wall -Wcast-qual -Wwrite-strings -Wconversion -Wmissing-noreturn -Winline -I/usr/include/libxml2 -I/usr/include/libxml2 -I/usr/include/libxml2 conftest.c  -L. -L/usr/lib -L. -fstack-protector        -lxml2 -lz -llzma -liconv -lm -lxslt -lxml2 -lz -liconv -lm -lxml2 -lz -llzma -liconv -lm -lexslt -lxslt -lxml2 -lz -liconv -lm -lgcrypt -lgpg-error -lxml2 -lz -llzma -liconv -lm -lruby200  -lxml2 -lz -llzma -liconv -lm -lxslt -lxml2 -lz -liconv -lm -lxml2 -lz -llzma -liconv -lm -lexslt -lxslt -lxml2 -lz -liconv -lm -lgcrypt -lgpg-error -lxml2 -lz -llzma -liconv -lm -lpthread -lrt -ldl -lcrypt   "
In file included from /usr/include/ruby-2.0.0/ruby.h:33:0,
                 from conftest.c:1:
/usr/include/ruby-2.0.0/ruby/ruby.h: 在函数‘rb_float_value’中:
/usr/include/ruby-2.0.0/ruby/ruby.h:777:41: 警告：负整数隐式转换为无符号类型 [-Wsign-conversion]
      t.v = RUBY_BIT_ROTR((2 - b63) | (v & ~0x03), 3);
                                         ^
/usr/include/ruby-2.0.0/ruby/ruby.h:761:32: 附注：in definition of macro ‘RUBY_BIT_ROTR’
 #define RUBY_BIT_ROTR(v, n) (((v) >> (n)) | ((v) << ((sizeof(v) * 8) - n)))
                                ^
/usr/include/ruby-2.0.0/ruby/ruby.h:777:41: 警告：负整数隐式转换为无符号类型 [-Wsign-conversion]
      t.v = RUBY_BIT_ROTR((2 - b63) | (v & ~0x03), 3);
                                         ^
/usr/include/ruby-2.0.0/ruby/ruby.h:761:47: 附注：in definition of macro ‘RUBY_BIT_ROTR’
 #define RUBY_BIT_ROTR(v, n) (((v) >> (n)) | ((v) << ((sizeof(v) * 8) - n)))
                                               ^
conftest.c: 在函数‘t’中:
conftest.c:5:57: 错误：‘xmlSchemaSetValidStructuredErrors’未声明(在此函数内第一次使用)
 int t(void) { void ((*volatile p)()); p = (void ((*)()))xmlSchemaSetValidStructuredErrors; return 0; }
                                                         ^
conftest.c:5:57: 附注：每个未声明的标识符在其出现的函数内只报告一次
conftest.c:5:32: 警告：变量‘p’被设定但未被使用 [-Wunused-but-set-variable]
 int t(void) { void ((*volatile p)()); p = (void ((*)()))xmlSchemaSetValidStructuredErrors; return 0; }
                                ^
checked program was:
/* begin */
 1: #include "ruby.h"
 2: 
 3: /*top*/
 4: extern int t(void);
 5: int t(void) { void ((*volatile p)()); p = (void ((*)()))xmlSchemaSetValidStructuredErrors; return 0; }
 6: int main(int argc, char **argv)
 7: {
 8:   if (argc > 1000000) {
 9:     printf("%p", &t);
10:   }
11: 
12:   return 0;
13: }
/* end */

"gcc -o conftest.exe -I/usr/include/ruby-2.0.0 -I/usr/include/ruby-2.0.0/ruby/backward -I/usr/include/ruby-2.0.0 -I.    -ggdb -O2 -pipe -Wimplicit-function-declaration    -g -DXP_UNIX -Wall -Wcast-qual -Wwrite-strings -Wconversion -Wmissing-noreturn -Winline -I/usr/include/libxml2 -I/usr/include/libxml2 -I/usr/include/libxml2 conftest.c  -L. -L/usr/lib -L. -fstack-protector        -lxml2 -lz -llzma -liconv -lm -lxslt -lxml2 -lz -liconv -lm -lxml2 -lz -llzma -liconv -lm -lexslt -lxslt -lxml2 -lz -liconv -lm -lgcrypt -lgpg-error -lxml2 -lz -llzma -liconv -lm -lruby200  -lxml2 -lz -llzma -liconv -lm -lxslt -lxml2 -lz -liconv -lm -lxml2 -lz -llzma -liconv -lm -lexslt -lxslt -lxml2 -lz -liconv -lm -lgcrypt -lgpg-error -lxml2 -lz -llzma -liconv -lm -lpthread -lrt -ldl -lcrypt   "
In file included from /usr/include/ruby-2.0.0/ruby.h:33:0,
                 from conftest.c:1:
/usr/include/ruby-2.0.0/ruby/ruby.h: 在函数‘rb_float_value’中:
/usr/include/ruby-2.0.0/ruby/ruby.h:777:41: 警告：负整数隐式转换为无符号类型 [-Wsign-conversion]
      t.v = RUBY_BIT_ROTR((2 - b63) | (v & ~0x03), 3);
                                         ^
/usr/include/ruby-2.0.0/ruby/ruby.h:761:32: 附注：in definition of macro ‘RUBY_BIT_ROTR’
 #define RUBY_BIT_ROTR(v, n) (((v) >> (n)) | ((v) << ((sizeof(v) * 8) - n)))
                                ^
/usr/include/ruby-2.0.0/ruby/ruby.h:777:41: 警告：负整数隐式转换为无符号类型 [-Wsign-conversion]
      t.v = RUBY_BIT_ROTR((2 - b63) | (v & ~0x03), 3);
                                         ^
/usr/include/ruby-2.0.0/ruby/ruby.h:761:47: 附注：in definition of macro ‘RUBY_BIT_ROTR’
 #define RUBY_BIT_ROTR(v, n) (((v) >> (n)) | ((v) << ((sizeof(v) * 8) - n)))
                                               ^
conftest.c: 在函数‘t’中:
conftest.c:5:1: 警告：隐式声明函数‘xmlSchemaSetValidStructuredErrors’ [-Wimplicit-function-declaration]
 int t(void) { xmlSchemaSetValidStructuredErrors(); return 0; }
 ^
checked program was:
/* begin */
 1: #include "ruby.h"
 2: 
 3: /*top*/
 4: extern int t(void);
 5: int t(void) { xmlSchemaSetValidStructuredErrors(); return 0; }
 6: int main(int argc, char **argv)
 7: {
 8:   if (argc > 1000000) {
 9:     printf("%p", &t);
10:   }
11: 
12:   return 0;
13: }
/* end */

--------------------

have_func: checking for xmlSchemaSetParserStructuredErrors()... -------------------- yes

"gcc -o conftest.exe -I/usr/include/ruby-2.0.0 -I/usr/include/ruby-2.0.0/ruby/backward -I/usr/include/ruby-2.0.0 -I.    -ggdb -O2 -pipe -Wimplicit-function-declaration    -g -DXP_UNIX -Wall -Wcast-qual -Wwrite-strings -Wconversion -Wmissing-noreturn -Winline -I/usr/include/libxml2 -I/usr/include/libxml2 -I/usr/include/libxml2 conftest.c  -L. -L/usr/lib -L. -fstack-protector        -lxml2 -lz -llzma -liconv -lm -lxslt -lxml2 -lz -liconv -lm -lxml2 -lz -llzma -liconv -lm -lexslt -lxslt -lxml2 -lz -liconv -lm -lgcrypt -lgpg-error -lxml2 -lz -llzma -liconv -lm -lruby200  -lxml2 -lz -llzma -liconv -lm -lxslt -lxml2 -lz -liconv -lm -lxml2 -lz -llzma -liconv -lm -lexslt -lxslt -lxml2 -lz -liconv -lm -lgcrypt -lgpg-error -lxml2 -lz -llzma -liconv -lm -lpthread -lrt -ldl -lcrypt   "
In file included from /usr/include/ruby-2.0.0/ruby.h:33:0,
                 from conftest.c:1:
/usr/include/ruby-2.0.0/ruby/ruby.h: 在函数‘rb_float_value’中:
/usr/include/ruby-2.0.0/ruby/ruby.h:777:41: 警告：负整数隐式转换为无符号类型 [-Wsign-conversion]
      t.v = RUBY_BIT_ROTR((2 - b63) | (v & ~0x03), 3);
                                         ^
/usr/include/ruby-2.0.0/ruby/ruby.h:761:32: 附注：in definition of macro ‘RUBY_BIT_ROTR’
 #define RUBY_BIT_ROTR(v, n) (((v) >> (n)) | ((v) << ((sizeof(v) * 8) - n)))
                                ^
/usr/include/ruby-2.0.0/ruby/ruby.h:777:41: 警告：负整数隐式转换为无符号类型 [-Wsign-conversion]
      t.v = RUBY_BIT_ROTR((2 - b63) | (v & ~0x03), 3);
                                         ^
/usr/include/ruby-2.0.0/ruby/ruby.h:761:47: 附注：in definition of macro ‘RUBY_BIT_ROTR’
 #define RUBY_BIT_ROTR(v, n) (((v) >> (n)) | ((v) << ((sizeof(v) * 8) - n)))
                                               ^
conftest.c: 在函数‘t’中:
conftest.c:5:57: 错误：‘xmlSchemaSetParserStructuredErrors’未声明(在此函数内第一次使用)
 int t(void) { void ((*volatile p)()); p = (void ((*)()))xmlSchemaSetParserStructuredErrors; return 0; }
                                                         ^
conftest.c:5:57: 附注：每个未声明的标识符在其出现的函数内只报告一次
conftest.c:5:32: 警告：变量‘p’被设定但未被使用 [-Wunused-but-set-variable]
 int t(void) { void ((*volatile p)()); p = (void ((*)()))xmlSchemaSetParserStructuredErrors; return 0; }
                                ^
checked program was:
/* begin */
 1: #include "ruby.h"
 2: 
 3: /*top*/
 4: extern int t(void);
 5: int t(void) { void ((*volatile p)()); p = (void ((*)()))xmlSchemaSetParserStructuredErrors; return 0; }
 6: int main(int argc, char **argv)
 7: {
 8:   if (argc > 1000000) {
 9:     printf("%p", &t);
10:   }
11: 
12:   return 0;
13: }
/* end */

"gcc -o conftest.exe -I/usr/include/ruby-2.0.0 -I/usr/include/ruby-2.0.0/ruby/backward -I/usr/include/ruby-2.0.0 -I.    -ggdb -O2 -pipe -Wimplicit-function-declaration    -g -DXP_UNIX -Wall -Wcast-qual -Wwrite-strings -Wconversion -Wmissing-noreturn -Winline -I/usr/include/libxml2 -I/usr/include/libxml2 -I/usr/include/libxml2 conftest.c  -L. -L/usr/lib -L. -fstack-protector        -lxml2 -lz -llzma -liconv -lm -lxslt -lxml2 -lz -liconv -lm -lxml2 -lz -llzma -liconv -lm -lexslt -lxslt -lxml2 -lz -liconv -lm -lgcrypt -lgpg-error -lxml2 -lz -llzma -liconv -lm -lruby200  -lxml2 -lz -llzma -liconv -lm -lxslt -lxml2 -lz -liconv -lm -lxml2 -lz -llzma -liconv -lm -lexslt -lxslt -lxml2 -lz -liconv -lm -lgcrypt -lgpg-error -lxml2 -lz -llzma -liconv -lm -lpthread -lrt -ldl -lcrypt   "
In file included from /usr/include/ruby-2.0.0/ruby.h:33:0,
                 from conftest.c:1:
/usr/include/ruby-2.0.0/ruby/ruby.h: 在函数‘rb_float_value’中:
/usr/include/ruby-2.0.0/ruby/ruby.h:777:41: 警告：负整数隐式转换为无符号类型 [-Wsign-conversion]
      t.v = RUBY_BIT_ROTR((2 - b63) | (v & ~0x03), 3);
                                         ^
/usr/include/ruby-2.0.0/ruby/ruby.h:761:32: 附注：in definition of macro ‘RUBY_BIT_ROTR’
 #define RUBY_BIT_ROTR(v, n) (((v) >> (n)) | ((v) << ((sizeof(v) * 8) - n)))
                                ^
/usr/include/ruby-2.0.0/ruby/ruby.h:777:41: 警告：负整数隐式转换为无符号类型 [-Wsign-conversion]
      t.v = RUBY_BIT_ROTR((2 - b63) | (v & ~0x03), 3);
                                         ^
/usr/include/ruby-2.0.0/ruby/ruby.h:761:47: 附注：in definition of macro ‘RUBY_BIT_ROTR’
 #define RUBY_BIT_ROTR(v, n) (((v) >> (n)) | ((v) << ((sizeof(v) * 8) - n)))
                                               ^
conftest.c: 在函数‘t’中:
conftest.c:5:1: 警告：隐式声明函数‘xmlSchemaSetParserStructuredErrors’ [-Wimplicit-function-declaration]
 int t(void) { xmlSchemaSetParserStructuredErrors(); return 0; }
 ^
checked program was:
/* begin */
 1: #include "ruby.h"
 2: 
 3: /*top*/
 4: extern int t(void);
 5: int t(void) { xmlSchemaSetParserStructuredErrors(); return 0; }
 6: int main(int argc, char **argv)
 7: {
 8:   if (argc > 1000000) {
 9:     printf("%p", &t);
10:   }
11: 
12:   return 0;
13: }
/* end */

--------------------

