"gcc -o conftest.exe -I/usr/include/ruby-2.0.0 -I/usr/include/ruby-2.0.0/ruby/backward -I/usr/include/ruby-2.0.0 -I.    -ggdb -O2 -pipe -Wimplicit-function-declaration   conftest.c  -L. -L/usr/lib -lffi     -lruby200  -lpthread -lrt -ldl -lcrypt  "
checked program was:
/* begin */
1: #include "ruby.h"
2: 
3: int main(int argc, char **argv)
4: {
5:   return 0;
6: }
/* end */

"gcc -o conftest.exe -I/usr/include/ruby-2.0.0 -I/usr/include/ruby-2.0.0/ruby/backward -I/usr/include/ruby-2.0.0 -I.    -ggdb -O2 -pipe -Wimplicit-function-declaration   conftest.c  -L. -L/usr/lib -lffi     -lruby200  -lpthread -lrt -ldl -lcrypt  "
checked program was:
/* begin */
1: #include "ruby.h"
2: 
3: int main() {return 0;}
/* end */

package configuration for libffi
cflags: 
ldflags: 
libs: -lffi

have_library: checking for ffi_call() in -lffi... -------------------- yes

"gcc -o conftest.exe -I/usr/include/ruby-2.0.0 -I/usr/include/ruby-2.0.0/ruby/backward -I/usr/include/ruby-2.0.0 -I.    -ggdb -O2 -pipe -Wimplicit-function-declaration    conftest.c  -L. -L/usr/lib -L. -fstack-protector      -lffi -lruby200 -lffi  -lffi -lpthread -lrt -ldl -lcrypt  "
checked program was:
/* begin */
 1: #include "ruby.h"
 2: 
 3: #include <ffi.h>
 4: 
 5: /*top*/
 6: extern int t(void);
 7: int t(void) { void ((*volatile p)()); p = (void ((*)()))ffi_call; return 0; }
 8: int main(int argc, char **argv)
 9: {
10:   if (argc > 1000000) {
11:     printf("%p", &t);
12:   }
13: 
14:   return 0;
15: }
/* end */

--------------------

have_func: checking for ffi_prep_closure()... -------------------- yes

"gcc -o conftest.exe -I/usr/include/ruby-2.0.0 -I/usr/include/ruby-2.0.0/ruby/backward -I/usr/include/ruby-2.0.0 -I.    -ggdb -O2 -pipe -Wimplicit-function-declaration    conftest.c  -L. -L/usr/lib -L. -fstack-protector     -lffi  -lffi -lruby200 -lffi  -lffi -lpthread -lrt -ldl -lcrypt  "
conftest.c: 在函数‘t’中:
conftest.c:5:57: 错误：‘ffi_prep_closure’未声明(在此函数内第一次使用)
 int t(void) { void ((*volatile p)()); p = (void ((*)()))ffi_prep_closure; return 0; }
                                                         ^
conftest.c:5:57: 附注：每个未声明的标识符在其出现的函数内只报告一次
checked program was:
/* begin */
 1: #include "ruby.h"
 2: 
 3: /*top*/
 4: extern int t(void);
 5: int t(void) { void ((*volatile p)()); p = (void ((*)()))ffi_prep_closure; return 0; }
 6: int main(int argc, char **argv)
 7: {
 8:   if (argc > 1000000) {
 9:     printf("%p", &t);
10:   }
11: 
12:   return 0;
13: }
/* end */

"gcc -o conftest.exe -I/usr/include/ruby-2.0.0 -I/usr/include/ruby-2.0.0/ruby/backward -I/usr/include/ruby-2.0.0 -I.    -ggdb -O2 -pipe -Wimplicit-function-declaration    conftest.c  -L. -L/usr/lib -L. -fstack-protector     -lffi  -lffi -lruby200 -lffi  -lffi -lpthread -lrt -ldl -lcrypt  "
conftest.c: 在函数‘t’中:
conftest.c:5:1: 警告：隐式声明函数‘ffi_prep_closure’ [-Wimplicit-function-declaration]
 int t(void) { ffi_prep_closure(); return 0; }
 ^
checked program was:
/* begin */
 1: #include "ruby.h"
 2: 
 3: /*top*/
 4: extern int t(void);
 5: int t(void) { ffi_prep_closure(); return 0; }
 6: int main(int argc, char **argv)
 7: {
 8:   if (argc > 1000000) {
 9:     printf("%p", &t);
10:   }
11: 
12:   return 0;
13: }
/* end */

--------------------

have_func: checking for ffi_raw_call()... -------------------- no

"gcc -o conftest.exe -I/usr/include/ruby-2.0.0 -I/usr/include/ruby-2.0.0/ruby/backward -I/usr/include/ruby-2.0.0 -I.    -ggdb -O2 -pipe -Wimplicit-function-declaration    conftest.c  -L. -L/usr/lib -L. -fstack-protector     -lffi  -lffi -lruby200 -lffi  -lffi -lpthread -lrt -ldl -lcrypt  "
conftest.c: 在函数‘t’中:
conftest.c:5:57: 错误：‘ffi_raw_call’未声明(在此函数内第一次使用)
 int t(void) { void ((*volatile p)()); p = (void ((*)()))ffi_raw_call; return 0; }
                                                         ^
conftest.c:5:57: 附注：每个未声明的标识符在其出现的函数内只报告一次
checked program was:
/* begin */
 1: #include "ruby.h"
 2: 
 3: /*top*/
 4: extern int t(void);
 5: int t(void) { void ((*volatile p)()); p = (void ((*)()))ffi_raw_call; return 0; }
 6: int main(int argc, char **argv)
 7: {
 8:   if (argc > 1000000) {
 9:     printf("%p", &t);
10:   }
11: 
12:   return 0;
13: }
/* end */

"gcc -o conftest.exe -I/usr/include/ruby-2.0.0 -I/usr/include/ruby-2.0.0/ruby/backward -I/usr/include/ruby-2.0.0 -I.    -ggdb -O2 -pipe -Wimplicit-function-declaration    conftest.c  -L. -L/usr/lib -L. -fstack-protector     -lffi  -lffi -lruby200 -lffi  -lffi -lpthread -lrt -ldl -lcrypt  "
conftest.c: 在函数‘t’中:
conftest.c:5:1: 警告：隐式声明函数‘ffi_raw_call’ [-Wimplicit-function-declaration]
 int t(void) { ffi_raw_call(); return 0; }
 ^
/tmp/cclWJhmj.o：在函数‘t’中：
/home/xinyu/GitPage/xinyuhua.github.io/vendor/cache/ruby/gems/ffi-1.9.8/ext/ffi_c/conftest.c:5：对‘ffi_raw_call’未定义的引用
/home/xinyu/GitPage/xinyuhua.github.io/vendor/cache/ruby/gems/ffi-1.9.8/ext/ffi_c/conftest.c:5:(.text+0x5): relocation truncated to fit: R_X86_64_PC32 against undefined symbol `ffi_raw_call'
collect2: 错误：ld 返回 1
checked program was:
/* begin */
 1: #include "ruby.h"
 2: 
 3: /*top*/
 4: extern int t(void);
 5: int t(void) { ffi_raw_call(); return 0; }
 6: int main(int argc, char **argv)
 7: {
 8:   if (argc > 1000000) {
 9:     printf("%p", &t);
10:   }
11: 
12:   return 0;
13: }
/* end */

--------------------

have_func: checking for rb_thread_blocking_region()... -------------------- yes

"gcc -o conftest.exe -I/usr/include/ruby-2.0.0 -I/usr/include/ruby-2.0.0/ruby/backward -I/usr/include/ruby-2.0.0 -I.    -ggdb -O2 -pipe -Wimplicit-function-declaration    conftest.c  -L. -L/usr/lib -L. -fstack-protector     -lffi  -lffi -lruby200 -lffi  -lffi -lpthread -lrt -ldl -lcrypt  "
conftest.c: 在函数‘t’中:
conftest.c:5:1: 警告：‘rb_thread_blocking_region’ is deprecated (declared at /usr/include/ruby-2.0.0/ruby/intern.h:841) [-Wdeprecated-declarations]
 int t(void) { void ((*volatile p)()); p = (void ((*)()))rb_thread_blocking_region; return 0; }
 ^
checked program was:
/* begin */
 1: #include "ruby.h"
 2: 
 3: /*top*/
 4: extern int t(void);
 5: int t(void) { void ((*volatile p)()); p = (void ((*)()))rb_thread_blocking_region; return 0; }
 6: int main(int argc, char **argv)
 7: {
 8:   if (argc > 1000000) {
 9:     printf("%p", &t);
10:   }
11: 
12:   return 0;
13: }
/* end */

--------------------

have_func: checking for rb_thread_call_with_gvl()... -------------------- yes

"gcc -o conftest.exe -I/usr/include/ruby-2.0.0 -I/usr/include/ruby-2.0.0/ruby/backward -I/usr/include/ruby-2.0.0 -I.    -ggdb -O2 -pipe -Wimplicit-function-declaration    conftest.c  -L. -L/usr/lib -L. -fstack-protector     -lffi  -lffi -lruby200 -lffi  -lffi -lpthread -lrt -ldl -lcrypt  "
conftest.c: 在函数‘t’中:
conftest.c:5:57: 错误：‘rb_thread_call_with_gvl’未声明(在此函数内第一次使用)
 int t(void) { void ((*volatile p)()); p = (void ((*)()))rb_thread_call_with_gvl; return 0; }
                                                         ^
conftest.c:5:57: 附注：每个未声明的标识符在其出现的函数内只报告一次
checked program was:
/* begin */
 1: #include "ruby.h"
 2: 
 3: /*top*/
 4: extern int t(void);
 5: int t(void) { void ((*volatile p)()); p = (void ((*)()))rb_thread_call_with_gvl; return 0; }
 6: int main(int argc, char **argv)
 7: {
 8:   if (argc > 1000000) {
 9:     printf("%p", &t);
10:   }
11: 
12:   return 0;
13: }
/* end */

"gcc -o conftest.exe -I/usr/include/ruby-2.0.0 -I/usr/include/ruby-2.0.0/ruby/backward -I/usr/include/ruby-2.0.0 -I.    -ggdb -O2 -pipe -Wimplicit-function-declaration    conftest.c  -L. -L/usr/lib -L. -fstack-protector     -lffi  -lffi -lruby200 -lffi  -lffi -lpthread -lrt -ldl -lcrypt  "
conftest.c: 在函数‘t’中:
conftest.c:5:1: 警告：隐式声明函数‘rb_thread_call_with_gvl’ [-Wimplicit-function-declaration]
 int t(void) { rb_thread_call_with_gvl(); return 0; }
 ^
checked program was:
/* begin */
 1: #include "ruby.h"
 2: 
 3: /*top*/
 4: extern int t(void);
 5: int t(void) { rb_thread_call_with_gvl(); return 0; }
 6: int main(int argc, char **argv)
 7: {
 8:   if (argc > 1000000) {
 9:     printf("%p", &t);
10:   }
11: 
12:   return 0;
13: }
/* end */

--------------------

have_func: checking for rb_thread_call_without_gvl()... -------------------- yes

"gcc -o conftest.exe -I/usr/include/ruby-2.0.0 -I/usr/include/ruby-2.0.0/ruby/backward -I/usr/include/ruby-2.0.0 -I.    -ggdb -O2 -pipe -Wimplicit-function-declaration    conftest.c  -L. -L/usr/lib -L. -fstack-protector     -lffi  -lffi -lruby200 -lffi  -lffi -lpthread -lrt -ldl -lcrypt  "
conftest.c: 在函数‘t’中:
conftest.c:5:57: 错误：‘rb_thread_call_without_gvl’未声明(在此函数内第一次使用)
 int t(void) { void ((*volatile p)()); p = (void ((*)()))rb_thread_call_without_gvl; return 0; }
                                                         ^
conftest.c:5:57: 附注：每个未声明的标识符在其出现的函数内只报告一次
checked program was:
/* begin */
 1: #include "ruby.h"
 2: 
 3: /*top*/
 4: extern int t(void);
 5: int t(void) { void ((*volatile p)()); p = (void ((*)()))rb_thread_call_without_gvl; return 0; }
 6: int main(int argc, char **argv)
 7: {
 8:   if (argc > 1000000) {
 9:     printf("%p", &t);
10:   }
11: 
12:   return 0;
13: }
/* end */

"gcc -o conftest.exe -I/usr/include/ruby-2.0.0 -I/usr/include/ruby-2.0.0/ruby/backward -I/usr/include/ruby-2.0.0 -I.    -ggdb -O2 -pipe -Wimplicit-function-declaration    conftest.c  -L. -L/usr/lib -L. -fstack-protector     -lffi  -lffi -lruby200 -lffi  -lffi -lpthread -lrt -ldl -lcrypt  "
conftest.c: 在函数‘t’中:
conftest.c:5:1: 警告：隐式声明函数‘rb_thread_call_without_gvl’ [-Wimplicit-function-declaration]
 int t(void) { rb_thread_call_without_gvl(); return 0; }
 ^
checked program was:
/* begin */
 1: #include "ruby.h"
 2: 
 3: /*top*/
 4: extern int t(void);
 5: int t(void) { rb_thread_call_without_gvl(); return 0; }
 6: int main(int argc, char **argv)
 7: {
 8:   if (argc > 1000000) {
 9:     printf("%p", &t);
10:   }
11: 
12:   return 0;
13: }
/* end */

--------------------

have_func: checking for ffi_prep_cif_var()... -------------------- yes

"gcc -o conftest.exe -I/usr/include/ruby-2.0.0 -I/usr/include/ruby-2.0.0/ruby/backward -I/usr/include/ruby-2.0.0 -I.    -ggdb -O2 -pipe -Wimplicit-function-declaration    conftest.c  -L. -L/usr/lib -L. -fstack-protector     -lffi  -lffi -lruby200 -lffi  -lffi -lpthread -lrt -ldl -lcrypt  "
conftest.c: 在函数‘t’中:
conftest.c:5:57: 错误：‘ffi_prep_cif_var’未声明(在此函数内第一次使用)
 int t(void) { void ((*volatile p)()); p = (void ((*)()))ffi_prep_cif_var; return 0; }
                                                         ^
conftest.c:5:57: 附注：每个未声明的标识符在其出现的函数内只报告一次
checked program was:
/* begin */
 1: #include "ruby.h"
 2: 
 3: /*top*/
 4: extern int t(void);
 5: int t(void) { void ((*volatile p)()); p = (void ((*)()))ffi_prep_cif_var; return 0; }
 6: int main(int argc, char **argv)
 7: {
 8:   if (argc > 1000000) {
 9:     printf("%p", &t);
10:   }
11: 
12:   return 0;
13: }
/* end */

"gcc -o conftest.exe -I/usr/include/ruby-2.0.0 -I/usr/include/ruby-2.0.0/ruby/backward -I/usr/include/ruby-2.0.0 -I.    -ggdb -O2 -pipe -Wimplicit-function-declaration    conftest.c  -L. -L/usr/lib -L. -fstack-protector     -lffi  -lffi -lruby200 -lffi  -lffi -lpthread -lrt -ldl -lcrypt  "
conftest.c: 在函数‘t’中:
conftest.c:5:1: 警告：隐式声明函数‘ffi_prep_cif_var’ [-Wimplicit-function-declaration]
 int t(void) { ffi_prep_cif_var(); return 0; }
 ^
checked program was:
/* begin */
 1: #include "ruby.h"
 2: 
 3: /*top*/
 4: extern int t(void);
 5: int t(void) { ffi_prep_cif_var(); return 0; }
 6: int main(int argc, char **argv)
 7: {
 8:   if (argc > 1000000) {
 9:     printf("%p", &t);
10:   }
11: 
12:   return 0;
13: }
/* end */

--------------------

extconf.h is:
/* begin */
1: #ifndef EXTCONF_H
2: #define EXTCONF_H
3: #define HAVE_FFI_PREP_CLOSURE 1
4: #define HAVE_RB_THREAD_BLOCKING_REGION 1
5: #define HAVE_RB_THREAD_CALL_WITH_GVL 1
6: #define HAVE_RB_THREAD_CALL_WITHOUT_GVL 1
7: #define HAVE_FFI_PREP_CIF_VAR 1
8: #define RUBY_1_9 1
9: #endif
/* end */

