/usr/bin/ruby.exe -r ./siteconf20150510-8280-hmdwj9.rb extconf.rb
creating Makefile

make "DESTDIR=" clean
rm -f 
rm -f redcarpet.so  *.o  *.bak mkmf.log .*.time

make "DESTDIR="
gcc -I. -I/usr/include/ruby-2.0.0 -I/usr/include/ruby-2.0.0/ruby/backward -I/usr/include/ruby-2.0.0 -I.    -ggdb -O2 -pipe -Wimplicit-function-declaration   -fvisibility=hidden  -o autolink.o -c autolink.c
gcc -I. -I/usr/include/ruby-2.0.0 -I/usr/include/ruby-2.0.0/ruby/backward -I/usr/include/ruby-2.0.0 -I.    -ggdb -O2 -pipe -Wimplicit-function-declaration   -fvisibility=hidden  -o buffer.o -c buffer.c
gcc -I. -I/usr/include/ruby-2.0.0 -I/usr/include/ruby-2.0.0/ruby/backward -I/usr/include/ruby-2.0.0 -I.    -ggdb -O2 -pipe -Wimplicit-function-declaration   -fvisibility=hidden  -o houdini_href_e.o -c houdini_href_e.c
gcc -I. -I/usr/include/ruby-2.0.0 -I/usr/include/ruby-2.0.0/ruby/backward -I/usr/include/ruby-2.0.0 -I.    -ggdb -O2 -pipe -Wimplicit-function-declaration   -fvisibility=hidden  -o houdini_html_e.o -c houdini_html_e.c
gcc -I. -I/usr/include/ruby-2.0.0 -I/usr/include/ruby-2.0.0/ruby/backward -I/usr/include/ruby-2.0.0 -I.    -ggdb -O2 -pipe -Wimplicit-function-declaration   -fvisibility=hidden  -o html.o -c html.c
html.c: 在函数‘rndr_header’中:
html.c:290:57: 警告：passing argument 1 of ‘header_anchor’ discards ‘const’ qualifier from pointer target type
   bufprintf(ob, "<h%d id=\"%s\">", level, header_anchor(text));
                                                         ^
html.c:268:7: 附注：需要类型‘struct buf *’，但实参的类型为‘const struct buf *’
 char *header_anchor(struct buf *text)
       ^
html.c: 在函数‘toc_header’中:
html.c:638:51: 警告：passing argument 1 of ‘header_anchor’ discards ‘const’ qualifier from pointer target type
   bufprintf(ob, "<a href=\"#%s\">", header_anchor(text));
                                                   ^
html.c:268:7: 附注：需要类型‘struct buf *’，但实参的类型为‘const struct buf *’
 char *header_anchor(struct buf *text)
       ^
gcc -I. -I/usr/include/ruby-2.0.0 -I/usr/include/ruby-2.0.0/ruby/backward -I/usr/include/ruby-2.0.0 -I.    -ggdb -O2 -pipe -Wimplicit-function-declaration   -fvisibility=hidden  -o html_smartypants.o -c html_smartypants.c
gcc -I. -I/usr/include/ruby-2.0.0 -I/usr/include/ruby-2.0.0/ruby/backward -I/usr/include/ruby-2.0.0 -I.    -ggdb -O2 -pipe -Wimplicit-function-declaration   -fvisibility=hidden  -o markdown.o -c markdown.c
gcc -I. -I/usr/include/ruby-2.0.0 -I/usr/include/ruby-2.0.0/ruby/backward -I/usr/include/ruby-2.0.0 -I.    -ggdb -O2 -pipe -Wimplicit-function-declaration   -fvisibility=hidden  -o rc_markdown.o -c rc_markdown.c
gcc -I. -I/usr/include/ruby-2.0.0 -I/usr/include/ruby-2.0.0/ruby/backward -I/usr/include/ruby-2.0.0 -I.    -ggdb -O2 -pipe -Wimplicit-function-declaration   -fvisibility=hidden  -o rc_render.o -c rc_render.c
gcc -I. -I/usr/include/ruby-2.0.0 -I/usr/include/ruby-2.0.0/ruby/backward -I/usr/include/ruby-2.0.0 -I.    -ggdb -O2 -pipe -Wimplicit-function-declaration   -fvisibility=hidden  -o stack.o -c stack.c
rm -f redcarpet.so
gcc -shared -o redcarpet.so autolink.o buffer.o houdini_href_e.o houdini_html_e.o html.o html_smartypants.o markdown.o rc_markdown.o rc_render.o stack.o -L. -L/usr/lib -L. -fstack-protector -Wl,--export-all-symbols -Wl,--enable-auto-image-base,--enable-auto-import    -lruby200  -lpthread -lrt -ldl -lcrypt  

make "DESTDIR=" install
/usr/bin/mkdir -p ./.gem.20150510-8280-1203cm0
exit > .RUBYARCHDIR.time
/usr/bin/install -c -m 0755 redcarpet.so ./.gem.20150510-8280-1203cm0
