/usr/bin/ruby.exe -r ./siteconf20150510-8280-11bgpsu.rb extconf.rb
checking for main() in -lc... yes
creating Makefile

make "DESTDIR=" clean
rm -f 
rm -f redcloth_scan.so  *.o  *.bak mkmf.log .*.time

make "DESTDIR="
gcc -I. -I/usr/include/ruby-2.0.0 -I/usr/include/ruby-2.0.0/ruby/backward -I/usr/include/ruby-2.0.0 -I.    -ggdb -O2 -pipe -Wimplicit-function-declaration   -O0 -Wall   -o redcloth_attributes.o -c redcloth_attributes.c
ragel/redcloth_attributes.c.rl: 在函数‘redcloth_attribute_parser’中:
ragel/redcloth_attributes.c.rl:27:11: 警告：变量‘act’被设定但未被使用 [-Wunused-but-set-variable]
gcc -I. -I/usr/include/ruby-2.0.0 -I/usr/include/ruby-2.0.0/ruby/backward -I/usr/include/ruby-2.0.0 -I.    -ggdb -O2 -pipe -Wimplicit-function-declaration   -O0 -Wall   -o redcloth_inline.o -c redcloth_inline.c
ragel/redcloth_inline.c.rl: 在函数‘red_block’中:
ragel/redcloth_inline.c.rl:100:9: 警告：变量‘attr_regs’被设定但未被使用 [-Wunused-but-set-variable]
gcc -I. -I/usr/include/ruby-2.0.0 -I/usr/include/ruby-2.0.0/ruby/backward -I/usr/include/ruby-2.0.0 -I.    -ggdb -O2 -pipe -Wimplicit-function-declaration   -O0 -Wall   -o redcloth_scan.o -c redcloth_scan.c
rm -f redcloth_scan.so
gcc -shared -o redcloth_scan.so redcloth_attributes.o redcloth_inline.o redcloth_scan.o -L. -L/usr/lib -L. -fstack-protector -Wl,--export-all-symbols -Wl,--enable-auto-image-base,--enable-auto-import    -lruby200 -lc  -lpthread -lrt -ldl -lcrypt  

make "DESTDIR=" install
/usr/bin/mkdir -p ./.gem.20150510-8280-6zbky5
exit > .RUBYARCHDIR.time
/usr/bin/install -c -m 0755 redcloth_scan.so ./.gem.20150510-8280-6zbky5
