have_library: checking for main() in -lc... -------------------- yes

"gcc -o conftest.exe -I/usr/include/ruby-2.0.0 -I/usr/include/ruby-2.0.0/ruby/backward -I/usr/include/ruby-2.0.0 -I.    -ggdb -O2 -pipe -Wimplicit-function-declaration   -O0 -Wall  conftest.c  -L. -L/usr/lib -L. -fstack-protector     -lruby200  -lpthread -lrt -ldl -lcrypt  "
checked program was:
/* begin */
1: #include "ruby.h"
2: 
3: int main(int argc, char **argv)
4: {
5:   return 0;
6: }
/* end */

"gcc -o conftest.exe -I/usr/include/ruby-2.0.0 -I/usr/include/ruby-2.0.0/ruby/backward -I/usr/include/ruby-2.0.0 -I.    -ggdb -O2 -pipe -Wimplicit-function-declaration   -O0 -Wall  conftest.c  -L. -L/usr/lib -L. -fstack-protector     -lruby200 -lc  -lpthread -lrt -ldl -lcrypt  "
conftest.c: 在函数‘t’中:
conftest.c:5:57: 错误：‘main’未声明(在此函数内第一次使用)
 int t(void) { void ((*volatile p)()); p = (void ((*)()))main; return 0; }
                                                         ^
conftest.c:5:57: 附注：每个未声明的标识符在其出现的函数内只报告一次
conftest.c:5:32: 警告：变量‘p’被设定但未被使用 [-Wunused-but-set-variable]
 int t(void) { void ((*volatile p)()); p = (void ((*)()))main; return 0; }
                                ^
checked program was:
/* begin */
 1: #include "ruby.h"
 2: 
 3: /*top*/
 4: extern int t(void);
 5: int t(void) { void ((*volatile p)()); p = (void ((*)()))main; return 0; }
 6: int main(int argc, char **argv)
 7: {
 8:   if (argc > 1000000) {
 9:     printf("%p", &t);
10:   }
11: 
12:   return 0;
13: }
/* end */

"gcc -o conftest.exe -I/usr/include/ruby-2.0.0 -I/usr/include/ruby-2.0.0/ruby/backward -I/usr/include/ruby-2.0.0 -I.    -ggdb -O2 -pipe -Wimplicit-function-declaration   -O0 -Wall  conftest.c  -L. -L/usr/lib -L. -fstack-protector     -lruby200 -lc  -lpthread -lrt -ldl -lcrypt  "
conftest.c: 在函数‘t’中:
conftest.c:5:1: 警告：隐式声明函数‘main’ [-Wimplicit-function-declaration]
 int t(void) { main(); return 0; }
 ^
checked program was:
/* begin */
 1: #include "ruby.h"
 2: 
 3: /*top*/
 4: extern int t(void);
 5: int t(void) { main(); return 0; }
 6: int main(int argc, char **argv)
 7: {
 8:   if (argc > 1000000) {
 9:     printf("%p", &t);
10:   }
11: 
12:   return 0;
13: }
/* end */

--------------------

